Archive member included to satisfy reference by file (symbol)

d:/st/stm32cubeide_1.0.0/stm32cubeide/plugins/com.st.stm32cube.ide.mcu.externaltools.gnu-tools-for-stm32.9-2020-q2-update.win32_1.5.0.202011040924/tools/bin/../lib/gcc/arm-none-eabi/9.3.1/../../../../arm-none-eabi/lib/thumb/v6-m/nofp\libc_nano.a(lib_a-exit.o)
                              d:/st/stm32cubeide_1.0.0/stm32cubeide/plugins/com.st.stm32cube.ide.mcu.externaltools.gnu-tools-for-stm32.9-2020-q2-update.win32_1.5.0.202011040924/tools/bin/../lib/gcc/arm-none-eabi/9.3.1/../../../../arm-none-eabi/lib/thumb/v6-m/nofp/crt0.o (exit)
d:/st/stm32cubeide_1.0.0/stm32cubeide/plugins/com.st.stm32cube.ide.mcu.externaltools.gnu-tools-for-stm32.9-2020-q2-update.win32_1.5.0.202011040924/tools/bin/../lib/gcc/arm-none-eabi/9.3.1/../../../../arm-none-eabi/lib/thumb/v6-m/nofp\libc_nano.a(lib_a-impure.o)
                              d:/st/stm32cubeide_1.0.0/stm32cubeide/plugins/com.st.stm32cube.ide.mcu.externaltools.gnu-tools-for-stm32.9-2020-q2-update.win32_1.5.0.202011040924/tools/bin/../lib/gcc/arm-none-eabi/9.3.1/../../../../arm-none-eabi/lib/thumb/v6-m/nofp\libc_nano.a(lib_a-exit.o) (_global_impure_ptr)
d:/st/stm32cubeide_1.0.0/stm32cubeide/plugins/com.st.stm32cube.ide.mcu.externaltools.gnu-tools-for-stm32.9-2020-q2-update.win32_1.5.0.202011040924/tools/bin/../lib/gcc/arm-none-eabi/9.3.1/../../../../arm-none-eabi/lib/thumb/v6-m/nofp\libc_nano.a(lib_a-init.o)
                              d:/st/stm32cubeide_1.0.0/stm32cubeide/plugins/com.st.stm32cube.ide.mcu.externaltools.gnu-tools-for-stm32.9-2020-q2-update.win32_1.5.0.202011040924/tools/bin/../lib/gcc/arm-none-eabi/9.3.1/../../../../arm-none-eabi/lib/thumb/v6-m/nofp/crt0.o (__libc_init_array)
d:/st/stm32cubeide_1.0.0/stm32cubeide/plugins/com.st.stm32cube.ide.mcu.externaltools.gnu-tools-for-stm32.9-2020-q2-update.win32_1.5.0.202011040924/tools/bin/../lib/gcc/arm-none-eabi/9.3.1/../../../../arm-none-eabi/lib/thumb/v6-m/nofp\libc_nano.a(lib_a-memset.o)
                              d:/st/stm32cubeide_1.0.0/stm32cubeide/plugins/com.st.stm32cube.ide.mcu.externaltools.gnu-tools-for-stm32.9-2020-q2-update.win32_1.5.0.202011040924/tools/bin/../lib/gcc/arm-none-eabi/9.3.1/../../../../arm-none-eabi/lib/thumb/v6-m/nofp/crt0.o (memset)
d:/st/stm32cubeide_1.0.0/stm32cubeide/plugins/com.st.stm32cube.ide.mcu.externaltools.gnu-tools-for-stm32.9-2020-q2-update.win32_1.5.0.202011040924/tools/bin/../lib/gcc/arm-none-eabi/9.3.1/thumb/v6-m/nofp\libgcc.a(_udivsi3.o)
                              Drivers/STM32F0xx_HAL_Driver/Src/stm32f0xx_hal.o (__aeabi_uidiv)
d:/st/stm32cubeide_1.0.0/stm32cubeide/plugins/com.st.stm32cube.ide.mcu.externaltools.gnu-tools-for-stm32.9-2020-q2-update.win32_1.5.0.202011040924/tools/bin/../lib/gcc/arm-none-eabi/9.3.1/thumb/v6-m/nofp\libgcc.a(_dvmd_tls.o)
                              d:/st/stm32cubeide_1.0.0/stm32cubeide/plugins/com.st.stm32cube.ide.mcu.externaltools.gnu-tools-for-stm32.9-2020-q2-update.win32_1.5.0.202011040924/tools/bin/../lib/gcc/arm-none-eabi/9.3.1/thumb/v6-m/nofp\libgcc.a(_udivsi3.o) (__aeabi_idiv0)
d:/st/stm32cubeide_1.0.0/stm32cubeide/plugins/com.st.stm32cube.ide.mcu.externaltools.gnu-tools-for-stm32.9-2020-q2-update.win32_1.5.0.202011040924/tools/bin/../lib/gcc/arm-none-eabi/9.3.1/../../../../arm-none-eabi/lib/thumb/v6-m/nofp\libnosys.a(_exit.o)
                              d:/st/stm32cubeide_1.0.0/stm32cubeide/plugins/com.st.stm32cube.ide.mcu.externaltools.gnu-tools-for-stm32.9-2020-q2-update.win32_1.5.0.202011040924/tools/bin/../lib/gcc/arm-none-eabi/9.3.1/../../../../arm-none-eabi/lib/thumb/v6-m/nofp\libc_nano.a(lib_a-exit.o) (_exit)

Allocating common symbols
Common symbol       size              file

Protocol            0x1               Src/main.o
hUsbDeviceFS        0x224             Src/usb_device.o
Symbol              0x1               Src/main.o
Repeats             0x4               Src/main.o
burst_time          0x4               Src/main.o
TickCounter         0x4               Src/main.o
uwTick              0x4               Drivers/STM32F0xx_HAL_Driver/Src/stm32f0xx_hal.o
pFlash              0x20              Drivers/STM32F0xx_HAL_Driver/Src/stm32f0xx_hal_flash.o
ByteSentCounter     0x4               Src/main.o
UserRxBufferFS      0x100             Src/usbd_cdc_if.o
CurrentByte         0x1               Src/main.o
UserTxBufferFS      0x100             Src/usbd_cdc_if.o
SymbolCounter       0x4               Src/main.o
ErrorAcc            0x4               Src/main.o
FrameData           0x4               Src/main.o
flash_data_buffer   0x400             Src/main.o
ByteCount           0x4               Src/main.o
hpcd_USB_FS         0x220             Src/usbd_conf.o
Burst               0x4               Src/main.o

Discarded input sections

[...]
Memory Configuration

Name             Origin             Length             Attributes
FLASH            0x0000000008000000 0x0000000000008000 xr
FLASH_USER       0x0000000008007c00 0x0000000000000400 rw
RAM              0x0000000020000000 0x0000000000001800 xrw
*default*        0x0000000000000000 0xffffffffffffffff

Linker script and memory map

LOAD d:/st/stm32cubeide_1.0.0/stm32cubeide/plugins/com.st.stm32cube.ide.mcu.externaltools.gnu-tools-for-stm32.9-2020-q2-update.win32_1.5.0.202011040924/tools/bin/../lib/gcc/arm-none-eabi/9.3.1/thumb/v6-m/nofp/crti.o
LOAD d:/st/stm32cubeide_1.0.0/stm32cubeide/plugins/com.st.stm32cube.ide.mcu.externaltools.gnu-tools-for-stm32.9-2020-q2-update.win32_1.5.0.202011040924/tools/bin/../lib/gcc/arm-none-eabi/9.3.1/thumb/v6-m/nofp/crtbegin.o
LOAD d:/st/stm32cubeide_1.0.0/stm32cubeide/plugins/com.st.stm32cube.ide.mcu.externaltools.gnu-tools-for-stm32.9-2020-q2-update.win32_1.5.0.202011040924/tools/bin/../lib/gcc/arm-none-eabi/9.3.1/../../../../arm-none-eabi/lib/thumb/v6-m/nofp/crt0.o
LOAD Drivers/STM32F0xx_HAL_Driver/Src/stm32f0xx_hal.o
LOAD Drivers/STM32F0xx_HAL_Driver/Src/stm32f0xx_hal_cortex.o
LOAD Drivers/STM32F0xx_HAL_Driver/Src/stm32f0xx_hal_dma.o
LOAD Drivers/STM32F0xx_HAL_Driver/Src/stm32f0xx_hal_flash.o
LOAD Drivers/STM32F0xx_HAL_Driver/Src/stm32f0xx_hal_flash_ex.o
LOAD Drivers/STM32F0xx_HAL_Driver/Src/stm32f0xx_hal_gpio.o
LOAD Drivers/STM32F0xx_HAL_Driver/Src/stm32f0xx_hal_i2c.o
LOAD Drivers/STM32F0xx_HAL_Driver/Src/stm32f0xx_hal_i2c_ex.o
LOAD Drivers/STM32F0xx_HAL_Driver/Src/stm32f0xx_hal_pcd.o
LOAD Drivers/STM32F0xx_HAL_Driver/Src/stm32f0xx_hal_pcd_ex.o
LOAD Drivers/STM32F0xx_HAL_Driver/Src/stm32f0xx_hal_pwr.o
LOAD Drivers/STM32F0xx_HAL_Driver/Src/stm32f0xx_hal_pwr_ex.o
LOAD Drivers/STM32F0xx_HAL_Driver/Src/stm32f0xx_hal_rcc.o
LOAD Drivers/STM32F0xx_HAL_Driver/Src/stm32f0xx_hal_rcc_ex.o
LOAD Drivers/STM32F0xx_HAL_Driver/Src/stm32f0xx_hal_tim.o
LOAD Drivers/STM32F0xx_HAL_Driver/Src/stm32f0xx_hal_tim_ex.o
LOAD Drivers/STM32F0xx_HAL_Driver/Src/stm32f0xx_ll_exti.o
LOAD Drivers/STM32F0xx_HAL_Driver/Src/stm32f0xx_ll_gpio.o
LOAD Drivers/STM32F0xx_HAL_Driver/Src/stm32f0xx_ll_rcc.o
LOAD Drivers/STM32F0xx_HAL_Driver/Src/stm32f0xx_ll_utils.o
LOAD Middlewares/ST/STM32_USB_Device_Library/Class/CDC/Src/usbd_cdc.o
LOAD Middlewares/ST/STM32_USB_Device_Library/Core/Src/usbd_core.o
LOAD Middlewares/ST/STM32_USB_Device_Library/Core/Src/usbd_ctlreq.o
LOAD Middlewares/ST/STM32_USB_Device_Library/Core/Src/usbd_ioreq.o
LOAD Src/gpio.o
LOAD Src/main.o
LOAD Src/stm32f0xx_hal_msp.o
LOAD Src/stm32f0xx_it.o
LOAD Src/system_stm32f0xx.o
LOAD Src/usb_device.o
LOAD Src/usbd_cdc_if.o
LOAD Src/usbd_conf.o
LOAD Src/usbd_desc.o
LOAD Startup/startup_stm32f070f6px.o
START GROUP
LOAD d:/st/stm32cubeide_1.0.0/stm32cubeide/plugins/com.st.stm32cube.ide.mcu.externaltools.gnu-tools-for-stm32.9-2020-q2-update.win32_1.5.0.202011040924/tools/bin/../lib/gcc/arm-none-eabi/9.3.1/../../../../arm-none-eabi/lib/thumb/v6-m/nofp\libc_nano.a
LOAD d:/st/stm32cubeide_1.0.0/stm32cubeide/plugins/com.st.stm32cube.ide.mcu.externaltools.gnu-tools-for-stm32.9-2020-q2-update.win32_1.5.0.202011040924/tools/bin/../lib/gcc/arm-none-eabi/9.3.1/../../../../arm-none-eabi/lib/thumb/v6-m/nofp\libm.a
END GROUP
START GROUP
LOAD d:/st/stm32cubeide_1.0.0/stm32cubeide/plugins/com.st.stm32cube.ide.mcu.externaltools.gnu-tools-for-stm32.9-2020-q2-update.win32_1.5.0.202011040924/tools/bin/../lib/gcc/arm-none-eabi/9.3.1/thumb/v6-m/nofp\libgcc.a
LOAD d:/st/stm32cubeide_1.0.0/stm32cubeide/plugins/com.st.stm32cube.ide.mcu.externaltools.gnu-tools-for-stm32.9-2020-q2-update.win32_1.5.0.202011040924/tools/bin/../lib/gcc/arm-none-eabi/9.3.1/../../../../arm-none-eabi/lib/thumb/v6-m/nofp\libc_nano.a
END GROUP
START GROUP
LOAD d:/st/stm32cubeide_1.0.0/stm32cubeide/plugins/com.st.stm32cube.ide.mcu.externaltools.gnu-tools-for-stm32.9-2020-q2-update.win32_1.5.0.202011040924/tools/bin/../lib/gcc/arm-none-eabi/9.3.1/thumb/v6-m/nofp\libgcc.a
LOAD d:/st/stm32cubeide_1.0.0/stm32cubeide/plugins/com.st.stm32cube.ide.mcu.externaltools.gnu-tools-for-stm32.9-2020-q2-update.win32_1.5.0.202011040924/tools/bin/../lib/gcc/arm-none-eabi/9.3.1/../../../../arm-none-eabi/lib/thumb/v6-m/nofp\libc_nano.a
LOAD d:/st/stm32cubeide_1.0.0/stm32cubeide/plugins/com.st.stm32cube.ide.mcu.externaltools.gnu-tools-for-stm32.9-2020-q2-update.win32_1.5.0.202011040924/tools/bin/../lib/gcc/arm-none-eabi/9.3.1/../../../../arm-none-eabi/lib/thumb/v6-m/nofp\libnosys.a
END GROUP
START GROUP
LOAD d:/st/stm32cubeide_1.0.0/stm32cubeide/plugins/com.st.stm32cube.ide.mcu.externaltools.gnu-tools-for-stm32.9-2020-q2-update.win32_1.5.0.202011040924/tools/bin/../lib/gcc/arm-none-eabi/9.3.1/thumb/v6-m/nofp\libgcc.a
LOAD d:/st/stm32cubeide_1.0.0/stm32cubeide/plugins/com.st.stm32cube.ide.mcu.externaltools.gnu-tools-for-stm32.9-2020-q2-update.win32_1.5.0.202011040924/tools/bin/../lib/gcc/arm-none-eabi/9.3.1/../../../../arm-none-eabi/lib/thumb/v6-m/nofp\libc_nano.a
LOAD d:/st/stm32cubeide_1.0.0/stm32cubeide/plugins/com.st.stm32cube.ide.mcu.externaltools.gnu-tools-for-stm32.9-2020-q2-update.win32_1.5.0.202011040924/tools/bin/../lib/gcc/arm-none-eabi/9.3.1/../../../../arm-none-eabi/lib/thumb/v6-m/nofp\libnosys.a
END GROUP
LOAD d:/st/stm32cubeide_1.0.0/stm32cubeide/plugins/com.st.stm32cube.ide.mcu.externaltools.gnu-tools-for-stm32.9-2020-q2-update.win32_1.5.0.202011040924/tools/bin/../lib/gcc/arm-none-eabi/9.3.1/thumb/v6-m/nofp/crtend.o
LOAD d:/st/stm32cubeide_1.0.0/stm32cubeide/plugins/com.st.stm32cube.ide.mcu.externaltools.gnu-tools-for-stm32.9-2020-q2-update.win32_1.5.0.202011040924/tools/bin/../lib/gcc/arm-none-eabi/9.3.1/thumb/v6-m/nofp/crtn.o
                0x00000000200017ff                _estack = 0x200017ff
                0x0000000000000180                _Min_Heap_Size = 0x180
                0x0000000000000400                _Min_Stack_Size = 0x400

.isr_vector     0x0000000008000000       0xc0
                0x0000000008000000                . = ALIGN (0x4)
 *(.isr_vector)
 .isr_vector    0x0000000008000000       0xc0 Startup/startup_stm32f070f6px.o
                0x0000000008000000                g_pfnVectors
                0x00000000080000c0                . = ALIGN (0x4)

.text           0x00000000080000c0     0x30ec
                0x00000000080000c0                . = ALIGN (0x4)
 *(.text)
 .text          0x00000000080000c0       0x48 d:/st/stm32cubeide_1.0.0/stm32cubeide/plugins/com.st.stm32cube.ide.mcu.externaltools.gnu-tools-for-stm32.9-2020-q2-update.win32_1.5.0.202011040924/tools/bin/../lib/gcc/arm-none-eabi/9.3.1/thumb/v6-m/nofp/crtbegin.o
 .text          0x0000000008000108      0x114 d:/st/stm32cubeide_1.0.0/stm32cubeide/plugins/com.st.stm32cube.ide.mcu.externaltools.gnu-tools-for-stm32.9-2020-q2-update.win32_1.5.0.202011040924/tools/bin/../lib/gcc/arm-none-eabi/9.3.1/thumb/v6-m/nofp\libgcc.a(_udivsi3.o)
                0x0000000008000108                __aeabi_uidiv
                0x0000000008000108                __udivsi3
                0x0000000008000214                __aeabi_uidivmod
 .text          0x000000000800021c        0x4 d:/st/stm32cubeide_1.0.0/stm32cubeide/plugins/com.st.stm32cube.ide.mcu.externaltools.gnu-tools-for-stm32.9-2020-q2-update.win32_1.5.0.202011040924/tools/bin/../lib/gcc/arm-none-eabi/9.3.1/thumb/v6-m/nofp\libgcc.a(_dvmd_tls.o)
                0x000000000800021c                __aeabi_idiv0
                0x000000000800021c                __aeabi_ldiv0
 *(.text*)
 .text.HAL_InitTick
                0x0000000008000220       0x24 Drivers/STM32F0xx_HAL_Driver/Src/stm32f0xx_hal.o
                0x0000000008000220                HAL_InitTick
 .text.HAL_Init
                0x0000000008000244       0x20 Drivers/STM32F0xx_HAL_Driver/Src/stm32f0xx_hal.o
                0x0000000008000244                HAL_Init
 .text.HAL_IncTick
                0x0000000008000264       0x10 Drivers/STM32F0xx_HAL_Driver/Src/stm32f0xx_hal.o
                0x0000000008000264                HAL_IncTick
 .text.HAL_NVIC_SetPriority
                0x0000000008000274       0x64 Drivers/STM32F0xx_HAL_Driver/Src/stm32f0xx_hal_cortex.o
                0x0000000008000274                HAL_NVIC_SetPriority
 .text.HAL_NVIC_EnableIRQ
                0x00000000080002d8       0x14 Drivers/STM32F0xx_HAL_Driver/Src/stm32f0xx_hal_cortex.o
                0x00000000080002d8                HAL_NVIC_EnableIRQ
 .text.HAL_SYSTICK_Config
                0x00000000080002ec       0x38 Drivers/STM32F0xx_HAL_Driver/Src/stm32f0xx_hal_cortex.o
                0x00000000080002ec                HAL_SYSTICK_Config
 .text.HAL_GPIO_Init
                0x0000000008000324      0x1cc Drivers/STM32F0xx_HAL_Driver/Src/stm32f0xx_hal_gpio.o
                0x0000000008000324                HAL_GPIO_Init
 .text.HAL_GPIO_WritePin
                0x00000000080004f0        0xc Drivers/STM32F0xx_HAL_Driver/Src/stm32f0xx_hal_gpio.o
                0x00000000080004f0                HAL_GPIO_WritePin
 .text.HAL_PCD_Init
                0x00000000080004fc       0xa4 Drivers/STM32F0xx_HAL_Driver/Src/stm32f0xx_hal_pcd.o
                0x00000000080004fc                HAL_PCD_Init
 .text.HAL_PCD_Start
                0x00000000080005a0       0x12 Drivers/STM32F0xx_HAL_Driver/Src/stm32f0xx_hal_pcd.o
                0x00000000080005a0                HAL_PCD_Start
 .text.HAL_PCD_SetAddress
                0x00000000080005b2       0x36 Drivers/STM32F0xx_HAL_Driver/Src/stm32f0xx_hal_pcd.o
                0x00000000080005b2                HAL_PCD_SetAddress
 .text.HAL_PCD_EP_Open
                0x00000000080005e8      0x310 Drivers/STM32F0xx_HAL_Driver/Src/stm32f0xx_hal_pcd.o
                0x00000000080005e8                HAL_PCD_EP_Open
 .text.HAL_PCD_EP_Close
                0x00000000080008f8      0x1a4 Drivers/STM32F0xx_HAL_Driver/Src/stm32f0xx_hal_pcd.o
                0x00000000080008f8                HAL_PCD_EP_Close
 .text.HAL_PCD_EP_Receive
                0x0000000008000a9c      0x24c Drivers/STM32F0xx_HAL_Driver/Src/stm32f0xx_hal_pcd.o
                0x0000000008000a9c                HAL_PCD_EP_Receive
 .text.HAL_PCD_EP_GetRxCount
                0x0000000008000ce8       0x16 Drivers/STM32F0xx_HAL_Driver/Src/stm32f0xx_hal_pcd.o
                0x0000000008000ce8                HAL_PCD_EP_GetRxCount
 *fill*         0x0000000008000cfe        0x2 
 .text.HAL_PCD_EP_SetStall
                0x0000000008000d00       0xcc Drivers/STM32F0xx_HAL_Driver/Src/stm32f0xx_hal_pcd.o
                0x0000000008000d00                HAL_PCD_EP_SetStall
 .text.HAL_PCD_EP_ClrStall
                0x0000000008000dcc       0xd4 Drivers/STM32F0xx_HAL_Driver/Src/stm32f0xx_hal_pcd.o
                0x0000000008000dcc                HAL_PCD_EP_ClrStall
 .text.PCD_WritePMA
                0x0000000008000ea0       0x2e Drivers/STM32F0xx_HAL_Driver/Src/stm32f0xx_hal_pcd.o
                0x0000000008000ea0                PCD_WritePMA
 *fill*         0x0000000008000ece        0x2 
 .text.HAL_PCD_EP_Transmit
                0x0000000008000ed0      0x204 Drivers/STM32F0xx_HAL_Driver/Src/stm32f0xx_hal_pcd.o
                0x0000000008000ed0                HAL_PCD_EP_Transmit
 .text.PCD_ReadPMA
                0x00000000080010d4       0x46 Drivers/STM32F0xx_HAL_Driver/Src/stm32f0xx_hal_pcd.o
                0x00000000080010d4                PCD_ReadPMA
 *fill*         0x000000000800111a        0x2 
 .text.HAL_PCD_IRQHandler
                0x000000000800111c      0x5f0 Drivers/STM32F0xx_HAL_Driver/Src/stm32f0xx_hal_pcd.o
                0x000000000800111c                HAL_PCD_IRQHandler
 .text.HAL_PCDEx_PMAConfig
                0x000000000800170c       0x3a Drivers/STM32F0xx_HAL_Driver/Src/stm32f0xx_hal_pcd_ex.o
                0x000000000800170c                HAL_PCDEx_PMAConfig
 *fill*         0x0000000008001746        0x2 
 .text.HAL_RCC_GetHCLKFreq
                0x0000000008001748        0xc Drivers/STM32F0xx_HAL_Driver/Src/stm32f0xx_hal_rcc.o
                0x0000000008001748                HAL_RCC_GetHCLKFreq
 .text.LL_Init1msTick
                0x0000000008001754       0x20 Drivers/STM32F0xx_HAL_Driver/Src/stm32f0xx_ll_utils.o
                0x0000000008001754                LL_Init1msTick
 .text.LL_SetSystemCoreClock
                0x0000000008001774        0xc Drivers/STM32F0xx_HAL_Driver/Src/stm32f0xx_ll_utils.o
                0x0000000008001774                LL_SetSystemCoreClock
 .text.USBD_CDC_DataIn
                0x0000000008001780       0x1a Middlewares/ST/STM32_USB_Device_Library/Class/CDC/Src/usbd_cdc.o
 *fill*         0x000000000800179a        0x2 
 .text.USBD_CDC_EP0_RxReady
                0x000000000800179c       0x34 Middlewares/ST/STM32_USB_Device_Library/Class/CDC/Src/usbd_cdc.o
 .text.USBD_CDC_GetFSCfgDesc
                0x00000000080017d0        0xc Middlewares/ST/STM32_USB_Device_Library/Class/CDC/Src/usbd_cdc.o
 .text.USBD_CDC_GetHSCfgDesc
                0x00000000080017dc        0xc Middlewares/ST/STM32_USB_Device_Library/Class/CDC/Src/usbd_cdc.o
 .text.USBD_CDC_GetOtherSpeedCfgDesc
                0x00000000080017e8        0xc Middlewares/ST/STM32_USB_Device_Library/Class/CDC/Src/usbd_cdc.o
 .text.USBD_CDC_GetDeviceQualifierDescriptor
                0x00000000080017f4        0xc Middlewares/ST/STM32_USB_Device_Library/Class/CDC/Src/usbd_cdc.o
                0x00000000080017f4                USBD_CDC_GetDeviceQualifierDescriptor
 .text.USBD_CDC_DataOut
                0x0000000008001800       0x34 Middlewares/ST/STM32_USB_Device_Library/Class/CDC/Src/usbd_cdc.o
 .text.USBD_CDC_Setup
                0x0000000008001834       0x88 Middlewares/ST/STM32_USB_Device_Library/Class/CDC/Src/usbd_cdc.o
 .text.USBD_CDC_DeInit
                0x00000000080018bc       0x40 Middlewares/ST/STM32_USB_Device_Library/Class/CDC/Src/usbd_cdc.o
 .text.USBD_CDC_Init
                0x00000000080018fc       0xa4 Middlewares/ST/STM32_USB_Device_Library/Class/CDC/Src/usbd_cdc.o
 .text.USBD_CDC_RegisterInterface
                0x00000000080019a0       0x12 Middlewares/ST/STM32_USB_Device_Library/Class/CDC/Src/usbd_cdc.o
                0x00000000080019a0                USBD_CDC_RegisterInterface
 .text.USBD_CDC_SetTxBuffer
                0x00000000080019b2       0x16 Middlewares/ST/STM32_USB_Device_Library/Class/CDC/Src/usbd_cdc.o
                0x00000000080019b2                USBD_CDC_SetTxBuffer
 .text.USBD_CDC_SetRxBuffer
                0x00000000080019c8        0xe Middlewares/ST/STM32_USB_Device_Library/Class/CDC/Src/usbd_cdc.o
                0x00000000080019c8                USBD_CDC_SetRxBuffer
 .text.USBD_CDC_TransmitPacket
                0x00000000080019d6       0x3e Middlewares/ST/STM32_USB_Device_Library/Class/CDC/Src/usbd_cdc.o
                0x00000000080019d6                USBD_CDC_TransmitPacket
 .text.USBD_CDC_ReceivePacket
                0x0000000008001a14       0x40 Middlewares/ST/STM32_USB_Device_Library/Class/CDC/Src/usbd_cdc.o
                0x0000000008001a14                USBD_CDC_ReceivePacket
 .text.USBD_Init
                0x0000000008001a54       0x38 Middlewares/ST/STM32_USB_Device_Library/Core/Src/usbd_core.o
                0x0000000008001a54                USBD_Init
 .text.USBD_RegisterClass
                0x0000000008001a8c       0x12 Middlewares/ST/STM32_USB_Device_Library/Core/Src/usbd_core.o
                0x0000000008001a8c                USBD_RegisterClass
 .text.USBD_Start
                0x0000000008001a9e        0xa Middlewares/ST/STM32_USB_Device_Library/Core/Src/usbd_core.o
                0x0000000008001a9e                USBD_Start
 .text.USBD_SetClassConfig
                0x0000000008001aa8       0x1e Middlewares/ST/STM32_USB_Device_Library/Core/Src/usbd_core.o
                0x0000000008001aa8                USBD_SetClassConfig
 .text.USBD_ClrClassConfig
                0x0000000008001ac6       0x10 Middlewares/ST/STM32_USB_Device_Library/Core/Src/usbd_core.o
                0x0000000008001ac6                USBD_ClrClassConfig
 *fill*         0x0000000008001ad6        0x2 
 .text.USBD_LL_SetupStage
                0x0000000008001ad8       0x68 Middlewares/ST/STM32_USB_Device_Library/Core/Src/usbd_core.o
                0x0000000008001ad8                USBD_LL_SetupStage
 .text.USBD_LL_DataOutStage
                0x0000000008001b40       0x7a Middlewares/ST/STM32_USB_Device_Library/Core/Src/usbd_core.o
                0x0000000008001b40                USBD_LL_DataOutStage
 .text.USBD_LL_DataInStage
                0x0000000008001bba       0xc4 Middlewares/ST/STM32_USB_Device_Library/Core/Src/usbd_core.o
                0x0000000008001bba                USBD_LL_DataInStage
 .text.USBD_LL_Reset
                0x0000000008001c7e       0x46 Middlewares/ST/STM32_USB_Device_Library/Core/Src/usbd_core.o
                0x0000000008001c7e                USBD_LL_Reset
 .text.USBD_LL_SetSpeed
                0x0000000008001cc4        0x6 Middlewares/ST/STM32_USB_Device_Library/Core/Src/usbd_core.o
                0x0000000008001cc4                USBD_LL_SetSpeed
 .text.USBD_LL_Suspend
                0x0000000008001cca       0x16 Middlewares/ST/STM32_USB_Device_Library/Core/Src/usbd_core.o
                0x0000000008001cca                USBD_LL_Suspend
 .text.USBD_LL_Resume
                0x0000000008001ce0        0xe Middlewares/ST/STM32_USB_Device_Library/Core/Src/usbd_core.o
                0x0000000008001ce0                USBD_LL_Resume
 .text.USBD_LL_SOF
                0x0000000008001cee       0x20 Middlewares/ST/STM32_USB_Device_Library/Core/Src/usbd_core.o
                0x0000000008001cee                USBD_LL_SOF
 .text.USBD_ParseSetupRequest
                0x0000000008001d0e       0x28 Middlewares/ST/STM32_USB_Device_Library/Core/Src/usbd_ctlreq.o
                0x0000000008001d0e                USBD_ParseSetupRequest
 .text.USBD_CtlError
                0x0000000008001d36       0x14 Middlewares/ST/STM32_USB_Device_Library/Core/Src/usbd_ctlreq.o
                0x0000000008001d36                USBD_CtlError
 *fill*         0x0000000008001d4a        0x2 
 .text.USBD_StdDevReq
                0x0000000008001d4c      0x338 Middlewares/ST/STM32_USB_Device_Library/Core/Src/usbd_ctlreq.o
                0x0000000008001d4c                USBD_StdDevReq
 .text.USBD_StdItfReq
                0x0000000008002084       0x3c Middlewares/ST/STM32_USB_Device_Library/Core/Src/usbd_ctlreq.o
                0x0000000008002084                USBD_StdItfReq
 .text.USBD_StdEPReq
                0x00000000080020c0      0x124 Middlewares/ST/STM32_USB_Device_Library/Core/Src/usbd_ctlreq.o
                0x00000000080020c0                USBD_StdEPReq
 .text.USBD_CtlSendData
                0x00000000080021e4       0x1c Middlewares/ST/STM32_USB_Device_Library/Core/Src/usbd_ioreq.o
                0x00000000080021e4                USBD_CtlSendData
 .text.USBD_CtlContinueSendData
                0x0000000008002200       0x10 Middlewares/ST/STM32_USB_Device_Library/Core/Src/usbd_ioreq.o
                0x0000000008002200                USBD_CtlContinueSendData
 .text.USBD_CtlPrepareRx
                0x0000000008002210       0x20 Middlewares/ST/STM32_USB_Device_Library/Core/Src/usbd_ioreq.o
                0x0000000008002210                USBD_CtlPrepareRx
 .text.USBD_CtlContinueRx
                0x0000000008002230       0x10 Middlewares/ST/STM32_USB_Device_Library/Core/Src/usbd_ioreq.o
                0x0000000008002230                USBD_CtlContinueRx
 .text.USBD_CtlSendStatus
                0x0000000008002240       0x18 Middlewares/ST/STM32_USB_Device_Library/Core/Src/usbd_ioreq.o
                0x0000000008002240                USBD_CtlSendStatus
 .text.USBD_CtlReceiveStatus
                0x0000000008002258       0x18 Middlewares/ST/STM32_USB_Device_Library/Core/Src/usbd_ioreq.o
                0x0000000008002258                USBD_CtlReceiveStatus
 .text.MX_GPIO_Init
                0x0000000008002270       0x80 Src/gpio.o
                0x0000000008002270                MX_GPIO_Init
 .text.IRStop   0x00000000080022f0       0x40 Src/main.o
                0x00000000080022f0                IRStop
 .text.TIM16_IRQHandler
                0x0000000008002330      0x210 Src/main.o
                0x0000000008002330                TIM16_IRQHandler
 .text.TIM14_IRQHandler
                0x0000000008002540       0x20 Src/main.o
                0x0000000008002540                TIM14_IRQHandler
 .text.IRTX     0x0000000008002560       0xa8 Src/main.o
                0x0000000008002560                IRTX
 .text.adc_read
                0x0000000008002608       0x2c Src/main.o
                0x0000000008002608                adc_read
 .text.SystemClock_Config
                0x0000000008002634       0xbc Src/main.o
                0x0000000008002634                SystemClock_Config
 .text.main     0x00000000080026f0      0x4bc Src/main.o
                0x00000000080026f0                main
 .text.Error_Handler
                0x0000000008002bac        0x2 Src/main.o
                0x0000000008002bac                Error_Handler
 *fill*         0x0000000008002bae        0x2 
 .text.HAL_MspInit
                0x0000000008002bb0       0x3c Src/stm32f0xx_hal_msp.o
                0x0000000008002bb0                HAL_MspInit
 .text.NMI_Handler
                0x0000000008002bec        0x2 Src/stm32f0xx_it.o
                0x0000000008002bec                NMI_Handler
 .text.HardFault_Handler
                0x0000000008002bee        0x2 Src/stm32f0xx_it.o
                0x0000000008002bee                HardFault_Handler
 .text.SVC_Handler
                0x0000000008002bf0        0x2 Src/stm32f0xx_it.o
                0x0000000008002bf0                SVC_Handler
 .text.PendSV_Handler
                0x0000000008002bf2        0x2 Src/stm32f0xx_it.o
                0x0000000008002bf2                PendSV_Handler
 .text.SysTick_Handler
                0x0000000008002bf4        0x8 Src/stm32f0xx_it.o
                0x0000000008002bf4                SysTick_Handler
 .text.USB_IRQHandler
                0x0000000008002bfc       0x10 Src/stm32f0xx_it.o
                0x0000000008002bfc                USB_IRQHandler
 .text.SystemInit
                0x0000000008002c0c       0x68 Src/system_stm32f0xx.o
                0x0000000008002c0c                SystemInit
 .text.MX_USB_DEVICE_Init
                0x0000000008002c74       0x5c Src/usb_device.o
                0x0000000008002c74                MX_USB_DEVICE_Init
 .text.CDC_DeInit_FS
                0x0000000008002cd0        0x4 Src/usbd_cdc_if.o
 .text.CDC_Control_FS
                0x0000000008002cd4        0x4 Src/usbd_cdc_if.o
 .text.CDC_Receive_FS
                0x0000000008002cd8       0x5c Src/usbd_cdc_if.o
 .text.CDC_Init_FS
                0x0000000008002d34       0x28 Src/usbd_cdc_if.o
 .text.CDC_Transmit_FS
                0x0000000008002d5c       0x30 Src/usbd_cdc_if.o
                0x0000000008002d5c                CDC_Transmit_FS
 .text.USBD_Get_USB_Status
                0x0000000008002d8c        0xe Src/usbd_conf.o
 *fill*         0x0000000008002d9a        0x2 
 .text.HAL_PCD_MspInit
                0x0000000008002d9c       0x40 Src/usbd_conf.o
                0x0000000008002d9c                HAL_PCD_MspInit
 .text.HAL_PCD_SetupStageCallback
                0x0000000008002ddc       0x14 Src/usbd_conf.o
                0x0000000008002ddc                HAL_PCD_SetupStageCallback
 .text.HAL_PCD_DataOutStageCallback
                0x0000000008002df0       0x1c Src/usbd_conf.o
                0x0000000008002df0                HAL_PCD_DataOutStageCallback
 .text.HAL_PCD_DataInStageCallback
                0x0000000008002e0c       0x18 Src/usbd_conf.o
                0x0000000008002e0c                HAL_PCD_DataInStageCallback
 .text.HAL_PCD_SOFCallback
                0x0000000008002e24        0xe Src/usbd_conf.o
                0x0000000008002e24                HAL_PCD_SOFCallback
 .text.HAL_PCD_ResetCallback
                0x0000000008002e32       0x24 Src/usbd_conf.o
                0x0000000008002e32                HAL_PCD_ResetCallback
 *fill*         0x0000000008002e56        0x2 
 .text.HAL_PCD_SuspendCallback
                0x0000000008002e58       0x24 Src/usbd_conf.o
                0x0000000008002e58                HAL_PCD_SuspendCallback
 .text.HAL_PCD_ResumeCallback
                0x0000000008002e7c       0x2c Src/usbd_conf.o
                0x0000000008002e7c                HAL_PCD_ResumeCallback
 .text.USBD_LL_Init
                0x0000000008002ea8       0x84 Src/usbd_conf.o
                0x0000000008002ea8                USBD_LL_Init
 .text.USBD_LL_Start
                0x0000000008002f2c       0x12 Src/usbd_conf.o
                0x0000000008002f2c                USBD_LL_Start
 .text.USBD_LL_OpenEP
                0x0000000008002f3e       0x18 Src/usbd_conf.o
                0x0000000008002f3e                USBD_LL_OpenEP
 .text.USBD_LL_CloseEP
                0x0000000008002f56       0x12 Src/usbd_conf.o
                0x0000000008002f56                USBD_LL_CloseEP
 .text.USBD_LL_StallEP
                0x0000000008002f68       0x12 Src/usbd_conf.o
                0x0000000008002f68                USBD_LL_StallEP
 .text.USBD_LL_ClearStallEP
                0x0000000008002f7a       0x12 Src/usbd_conf.o
                0x0000000008002f7a                USBD_LL_ClearStallEP
 .text.USBD_LL_IsStallEP
                0x0000000008002f8c       0x32 Src/usbd_conf.o
                0x0000000008002f8c                USBD_LL_IsStallEP
 .text.USBD_LL_SetUSBAddress
                0x0000000008002fbe       0x12 Src/usbd_conf.o
                0x0000000008002fbe                USBD_LL_SetUSBAddress
 .text.USBD_LL_Transmit
                0x0000000008002fd0       0x12 Src/usbd_conf.o
                0x0000000008002fd0                USBD_LL_Transmit
 .text.USBD_LL_PrepareReceive
                0x0000000008002fe2       0x12 Src/usbd_conf.o
                0x0000000008002fe2                USBD_LL_PrepareReceive
 .text.USBD_LL_GetRxDataSize
                0x0000000008002ff4        0xe Src/usbd_conf.o
                0x0000000008002ff4                USBD_LL_GetRxDataSize
 *fill*         0x0000000008003002        0x2 
 .text.USBD_static_malloc
                0x0000000008003004        0x8 Src/usbd_conf.o
                0x0000000008003004                USBD_static_malloc
 .text.USBD_static_free
                0x000000000800300c        0x2 Src/usbd_conf.o
                0x000000000800300c                USBD_static_free
 *fill*         0x000000000800300e        0x2 
 .text.USBD_FS_DeviceDescriptor
                0x0000000008003010        0xc Src/usbd_desc.o
                0x0000000008003010                USBD_FS_DeviceDescriptor
 .text.USBD_FS_LangIDStrDescriptor
                0x000000000800301c        0xc Src/usbd_desc.o
                0x000000000800301c                USBD_FS_LangIDStrDescriptor
 .text.USBD_FS_ProductStrDescriptor
                0x0000000008003028        0xc Src/usbd_desc.o
                0x0000000008003028                USBD_FS_ProductStrDescriptor
 .text.USBD_FS_ManufacturerStrDescriptor
                0x0000000008003034        0xc Src/usbd_desc.o
                0x0000000008003034                USBD_FS_ManufacturerStrDescriptor
 .text.USBD_FS_ConfigStrDescriptor
                0x0000000008003040        0xc Src/usbd_desc.o
                0x0000000008003040                USBD_FS_ConfigStrDescriptor
 .text.USBD_FS_InterfaceStrDescriptor
                0x000000000800304c        0xc Src/usbd_desc.o
                0x000000000800304c                USBD_FS_InterfaceStrDescriptor
 .text.IntToUnicode
                0x0000000008003058       0x2c Src/usbd_desc.o
 .text.USBD_FS_SerialStrDescriptor
                0x0000000008003084       0x44 Src/usbd_desc.o
                0x0000000008003084                USBD_FS_SerialStrDescriptor
 .text.Reset_Handler
                0x00000000080030c8       0x80 Startup/startup_stm32f070f6px.o
                0x00000000080030c8                Reset_Handler
 .text.Default_Handler
                0x0000000008003148        0x2 Startup/startup_stm32f070f6px.o
                0x0000000008003148                TIM1_CC_IRQHandler
                0x0000000008003148                I2C1_IRQHandler
                0x0000000008003148                SPI1_IRQHandler
                0x0000000008003148                EXTI2_3_IRQHandler
                0x0000000008003148                ADC1_IRQHandler
                0x0000000008003148                TIM17_IRQHandler
                0x0000000008003148                RTC_IRQHandler
                0x0000000008003148                TIM3_IRQHandler
                0x0000000008003148                EXTI4_15_IRQHandler
                0x0000000008003148                RCC_IRQHandler
                0x0000000008003148                DMA1_Channel1_IRQHandler
                0x0000000008003148                Default_Handler
                0x0000000008003148                DMA1_Channel4_5_IRQHandler
                0x0000000008003148                EXTI0_1_IRQHandler
                0x0000000008003148                WWDG_IRQHandler
                0x0000000008003148                DMA1_Channel2_3_IRQHandler
                0x0000000008003148                USART2_IRQHandler
                0x0000000008003148                FLASH_IRQHandler
                0x0000000008003148                USART1_IRQHandler
                0x0000000008003148                TIM1_BRK_UP_TRG_COM_IRQHandler
 *fill*         0x000000000800314a        0x2 
 .text.__libc_init_array
                0x000000000800314c       0x48 d:/st/stm32cubeide_1.0.0/stm32cubeide/plugins/com.st.stm32cube.ide.mcu.externaltools.gnu-tools-for-stm32.9-2020-q2-update.win32_1.5.0.202011040924/tools/bin/../lib/gcc/arm-none-eabi/9.3.1/../../../../arm-none-eabi/lib/thumb/v6-m/nofp\libc_nano.a(lib_a-init.o)
                0x000000000800314c                __libc_init_array
 *(.glue_7)
 .glue_7        0x0000000008003194        0x0 linker stubs
 *(.glue_7t)
 .glue_7t       0x0000000008003194        0x0 linker stubs
 *(.eh_frame)
 .eh_frame      0x0000000008003194        0x0 d:/st/stm32cubeide_1.0.0/stm32cubeide/plugins/com.st.stm32cube.ide.mcu.externaltools.gnu-tools-for-stm32.9-2020-q2-update.win32_1.5.0.202011040924/tools/bin/../lib/gcc/arm-none-eabi/9.3.1/thumb/v6-m/nofp/crtbegin.o
 *(.init)
 .init          0x0000000008003194        0x4 d:/st/stm32cubeide_1.0.0/stm32cubeide/plugins/com.st.stm32cube.ide.mcu.externaltools.gnu-tools-for-stm32.9-2020-q2-update.win32_1.5.0.202011040924/tools/bin/../lib/gcc/arm-none-eabi/9.3.1/thumb/v6-m/nofp/crti.o
                0x0000000008003194                _init
 .init          0x0000000008003198        0x8 d:/st/stm32cubeide_1.0.0/stm32cubeide/plugins/com.st.stm32cube.ide.mcu.externaltools.gnu-tools-for-stm32.9-2020-q2-update.win32_1.5.0.202011040924/tools/bin/../lib/gcc/arm-none-eabi/9.3.1/thumb/v6-m/nofp/crtn.o
 *(.fini)
 .fini          0x00000000080031a0        0x4 d:/st/stm32cubeide_1.0.0/stm32cubeide/plugins/com.st.stm32cube.ide.mcu.externaltools.gnu-tools-for-stm32.9-2020-q2-update.win32_1.5.0.202011040924/tools/bin/../lib/gcc/arm-none-eabi/9.3.1/thumb/v6-m/nofp/crti.o
                0x00000000080031a0                _fini
 .fini          0x00000000080031a4        0x8 d:/st/stm32cubeide_1.0.0/stm32cubeide/plugins/com.st.stm32cube.ide.mcu.externaltools.gnu-tools-for-stm32.9-2020-q2-update.win32_1.5.0.202011040924/tools/bin/../lib/gcc/arm-none-eabi/9.3.1/thumb/v6-m/nofp/crtn.o
                0x00000000080031ac                . = ALIGN (0x4)
                0x00000000080031ac                _etext = .

.vfp11_veneer   0x00000000080031ac        0x0
 .vfp11_veneer  0x00000000080031ac        0x0 linker stubs

.v4_bx          0x00000000080031ac        0x0
 .v4_bx         0x00000000080031ac        0x0 linker stubs

.iplt           0x00000000080031ac        0x0
 .iplt          0x00000000080031ac        0x0 d:/st/stm32cubeide_1.0.0/stm32cubeide/plugins/com.st.stm32cube.ide.mcu.externaltools.gnu-tools-for-stm32.9-2020-q2-update.win32_1.5.0.202011040924/tools/bin/../lib/gcc/arm-none-eabi/9.3.1/thumb/v6-m/nofp/crtbegin.o

.flash_data_array
                0x0000000008007c00      0x3f2
                0x0000000008007c00                . = ALIGN (0x4)
 .flash_data_array
                0x0000000008007c00      0x3f2 Src/main.o
                0x0000000008007c00                userdata

.rodata         0x00000000080031ac      0x1a4
                0x00000000080031ac                . = ALIGN (0x4)
 *(.rodata)
 *(.rodata*)
 .rodata.USBD_StdDevReq
                0x00000000080031ac       0x60 Middlewares/ST/STM32_USB_Device_Library/Core/Src/usbd_ctlreq.o
 .rodata.TIM16_IRQHandler.str1.4
                0x000000000800320c        0x2 Src/main.o
 *fill*         0x000000000800320e        0x2 
 .rodata.main.str1.4
                0x0000000008003210       0x12 Src/main.o
 *fill*         0x0000000008003222        0x2 
 .rodata.pp16_errors
                0x0000000008003224       0x40 Src/main.o
 .rodata.pp16_steps
                0x0000000008003264       0x40 Src/main.o
 .rodata.pp4_errors
                0x00000000080032a4       0x10 Src/main.o
 .rodata.pp4_steps
                0x00000000080032b4       0x10 Src/main.o
 .rodata.USBD_CONFIGURATION_STRING_DATA
                0x00000000080032c4       0x17 Src/usbd_desc.o
 *fill*         0x00000000080032db        0x1 
 .rodata.USBD_INTERFACE_STRING_DATA
                0x00000000080032dc       0x1d Src/usbd_desc.o
 *fill*         0x00000000080032f9        0x3 
 .rodata.USBD_MANUFACTURER_STRING_DATA
                0x00000000080032fc       0x29 Src/usbd_desc.o
 *fill*         0x0000000008003325        0x3 
 .rodata.USBD_PRODUCT_STRING_DATA
                0x0000000008003328       0x27 Src/usbd_desc.o
                0x0000000008003350                . = ALIGN (0x4)
 *fill*         0x000000000800334f        0x1 

.rel.dyn        0x0000000008003350        0x0
 .rel.iplt      0x0000000008003350        0x0 d:/st/stm32cubeide_1.0.0/stm32cubeide/plugins/com.st.stm32cube.ide.mcu.externaltools.gnu-tools-for-stm32.9-2020-q2-update.win32_1.5.0.202011040924/tools/bin/../lib/gcc/arm-none-eabi/9.3.1/thumb/v6-m/nofp/crtbegin.o

.ARM.extab      0x0000000008003350        0x0
                0x0000000008003350                . = ALIGN (0x4)
 *(.ARM.extab* .gnu.linkonce.armextab.*)
                0x0000000008003350                . = ALIGN (0x4)

.ARM            0x0000000008003350        0x0
                0x0000000008003350                . = ALIGN (0x4)
                0x0000000008003350                __exidx_start = .
 *(.ARM.exidx*)
                0x0000000008003350                __exidx_end = .
                0x0000000008003350                . = ALIGN (0x4)

.preinit_array  0x0000000008003350        0x0
                0x0000000008003350                . = ALIGN (0x4)
                0x0000000008003350                PROVIDE (__preinit_array_start = .)
 *(.preinit_array*)
                0x0000000008003350                PROVIDE (__preinit_array_end = .)
                0x0000000008003350                . = ALIGN (0x4)

.init_array     0x0000000008003350        0x4
                0x0000000008003350                . = ALIGN (0x4)
                0x0000000008003350                PROVIDE (__init_array_start = .)
 *(SORT_BY_NAME(.init_array.*))
 *(.init_array*)
 .init_array    0x0000000008003350        0x4 d:/st/stm32cubeide_1.0.0/stm32cubeide/plugins/com.st.stm32cube.ide.mcu.externaltools.gnu-tools-for-stm32.9-2020-q2-update.win32_1.5.0.202011040924/tools/bin/../lib/gcc/arm-none-eabi/9.3.1/thumb/v6-m/nofp/crtbegin.o
                0x0000000008003354                PROVIDE (__init_array_end = .)
                0x0000000008003354                . = ALIGN (0x4)

.fini_array     0x0000000008003354        0x4
                0x0000000008003354                . = ALIGN (0x4)
                [!provide]                        PROVIDE (__fini_array_start = .)
 *(SORT_BY_NAME(.fini_array.*))
 *(.fini_array*)
 .fini_array    0x0000000008003354        0x4 d:/st/stm32cubeide_1.0.0/stm32cubeide/plugins/com.st.stm32cube.ide.mcu.externaltools.gnu-tools-for-stm32.9-2020-q2-update.win32_1.5.0.202011040924/tools/bin/../lib/gcc/arm-none-eabi/9.3.1/thumb/v6-m/nofp/crtbegin.o
                [!provide]                        PROVIDE (__fini_array_end = .)
                0x0000000008003358                . = ALIGN (0x4)
                0x0000000008003358                _sidata = LOADADDR (.data)

.data           0x0000000020000000      0x174 load address 0x0000000008003358
                0x0000000020000000                . = ALIGN (0x4)
                0x0000000020000000                _sdata = .
 *(.data)
 *(.data*)
 .data.USBD_CDC
                0x0000000020000000       0x38 Middlewares/ST/STM32_USB_Device_Library/Class/CDC/Src/usbd_cdc.o
                0x0000000020000000                USBD_CDC
 .data.USBD_CDC_CfgFSDesc
                0x0000000020000038       0x43 Middlewares/ST/STM32_USB_Device_Library/Class/CDC/Src/usbd_cdc.o
                0x0000000020000038                USBD_CDC_CfgFSDesc
 *fill*         0x000000002000007b        0x1 
 .data.USBD_CDC_CfgHSDesc
                0x000000002000007c       0x43 Middlewares/ST/STM32_USB_Device_Library/Class/CDC/Src/usbd_cdc.o
                0x000000002000007c                USBD_CDC_CfgHSDesc
 *fill*         0x00000000200000bf        0x1 
 .data.USBD_CDC_DeviceQualifierDesc
                0x00000000200000c0        0xa Middlewares/ST/STM32_USB_Device_Library/Class/CDC/Src/usbd_cdc.o
 *fill*         0x00000000200000ca        0x2 
 .data.USBD_CDC_OtherSpeedCfgDesc
                0x00000000200000cc       0x43 Middlewares/ST/STM32_USB_Device_Library/Class/CDC/Src/usbd_cdc.o
                0x00000000200000cc                USBD_CDC_OtherSpeedCfgDesc
 *fill*         0x000000002000010f        0x1 
 .data.SystemCoreClock
                0x0000000020000110        0x4 Src/system_stm32f0xx.o
                0x0000000020000110                SystemCoreClock
 .data.USBD_Interface_fops_FS
                0x0000000020000114       0x10 Src/usbd_cdc_if.o
                0x0000000020000114                USBD_Interface_fops_FS
 .data.FS_Desc  0x0000000020000124       0x1c Src/usbd_desc.o
                0x0000000020000124                FS_Desc
 .data.USBD_FS_DeviceDesc
                0x0000000020000140       0x12 Src/usbd_desc.o
                0x0000000020000140                USBD_FS_DeviceDesc
 *fill*         0x0000000020000152        0x2 
 .data.USBD_LangIDDesc
                0x0000000020000154        0x4 Src/usbd_desc.o
                0x0000000020000154                USBD_LangIDDesc
 .data.USBD_StringSerial
                0x0000000020000158       0x1a Src/usbd_desc.o
                0x0000000020000158                USBD_StringSerial
                0x0000000020000174                . = ALIGN (0x4)
 *fill*         0x0000000020000172        0x2 
                0x0000000020000174                _edata = .

.igot.plt       0x0000000020000174        0x0 load address 0x00000000080034cc
 .igot.plt      0x0000000020000174        0x0 d:/st/stm32cubeide_1.0.0/stm32cubeide/plugins/com.st.stm32cube.ide.mcu.externaltools.gnu-tools-for-stm32.9-2020-q2-update.win32_1.5.0.202011040924/tools/bin/../lib/gcc/arm-none-eabi/9.3.1/thumb/v6-m/nofp/crtbegin.o
                0x0000000020000174                . = ALIGN (0x4)

.bss            0x0000000020000174      0xdcc load address 0x00000000080034cc
                0x0000000020000174                _sbss = .
                0x0000000020000174                __bss_start__ = _sbss
 *(.bss)
 .bss           0x0000000020000174       0x1c d:/st/stm32cubeide_1.0.0/stm32cubeide/plugins/com.st.stm32cube.ide.mcu.externaltools.gnu-tools-for-stm32.9-2020-q2-update.win32_1.5.0.202011040924/tools/bin/../lib/gcc/arm-none-eabi/9.3.1/thumb/v6-m/nofp/crtbegin.o
 *(.bss*)
 .bss.ifalt.8465
                0x0000000020000190        0x1 Middlewares/ST/STM32_USB_Device_Library/Class/CDC/Src/usbd_cdc.o
 .bss.cfgidx.8468
                0x0000000020000191        0x1 Middlewares/ST/STM32_USB_Device_Library/Core/Src/usbd_ctlreq.o
 *fill*         0x0000000020000192        0x2 
 .bss.RX_FIFO   0x0000000020000194      0x108 Src/main.o
                0x0000000020000194                RX_FIFO
 .bss.SendOperationReady
                0x000000002000029c        0x1 Src/main.o
                0x000000002000029c                SendOperationReady
 .bss.charging  0x000000002000029d        0x1 Src/main.o
                0x000000002000029d                charging
 *fill*         0x000000002000029e        0x2 
 .bss.comm_reset_flag
                0x00000000200002a0        0x4 Src/main.o
                0x00000000200002a0                comm_reset_flag
 .bss.ram_frame_repeat_delay
                0x00000000200002a4        0x4 Src/main.o
                0x00000000200002a4                ram_frame_repeat_delay
 .bss.remote_mode
                0x00000000200002a8        0x4 Src/main.o
                0x00000000200002a8                remote_mode
 .bss.mem.8557  0x00000000200002ac      0x220 Src/usbd_conf.o
 *(COMMON)
 COMMON         0x00000000200004cc        0x4 Drivers/STM32F0xx_HAL_Driver/Src/stm32f0xx_hal.o
                0x00000000200004cc                uwTick
 COMMON         0x00000000200004d0      0x42c Src/main.o
                0x00000000200004d0                Protocol
                0x00000000200004d1                Symbol
                0x00000000200004d4                Repeats
                0x00000000200004d8                burst_time
                0x00000000200004dc                TickCounter
                0x00000000200004e0                ByteSentCounter
                0x00000000200004e4                CurrentByte
                0x00000000200004e8                SymbolCounter
                0x00000000200004ec                ErrorAcc
                0x00000000200004f0                FrameData
                0x00000000200004f4                flash_data_buffer
                0x00000000200008f4                ByteCount
                0x00000000200008f8                Burst
 COMMON         0x00000000200008fc      0x224 Src/usb_device.o
                0x00000000200008fc                hUsbDeviceFS
 COMMON         0x0000000020000b20      0x200 Src/usbd_cdc_if.o
                0x0000000020000b20                UserRxBufferFS
                0x0000000020000c20                UserTxBufferFS
 COMMON         0x0000000020000d20      0x220 Src/usbd_conf.o
                0x0000000020000d20                hpcd_USB_FS
                0x0000000020000f40                . = ALIGN (0x4)
                0x0000000020000f40                _ebss = .
                0x0000000020000f40                __bss_end__ = _ebss

._user_heap_stack
                0x0000000020000f40      0x580 load address 0x00000000080034cc
                0x0000000020000f40                . = ALIGN (0x8)
                [!provide]                        PROVIDE (end = .)
                [!provide]                        PROVIDE (_end = .)
                0x00000000200010c0                . = (. + _Min_Heap_Size)
 *fill*         0x0000000020000f40      0x180 
                0x00000000200014c0                . = (. + _Min_Stack_Size)
 *fill*         0x00000000200010c0      0x400 
                0x00000000200014c0                . = ALIGN (0x8)

/DISCARD/
 libc.a(*)
 libm.a(*)
 libgcc.a(*)

.ARM.attributes
                0x0000000000000000       0x28
 *(.ARM.attributes)
 .ARM.attributes
                0x0000000000000000       0x1e d:/st/stm32cubeide_1.0.0/stm32cubeide/plugins/com.st.stm32cube.ide.mcu.externaltools.gnu-tools-for-stm32.9-2020-q2-update.win32_1.5.0.202011040924/tools/bin/../lib/gcc/arm-none-eabi/9.3.1/thumb/v6-m/nofp/crti.o
 .ARM.attributes
                0x000000000000001e       0x2c d:/st/stm32cubeide_1.0.0/stm32cubeide/plugins/com.st.stm32cube.ide.mcu.externaltools.gnu-tools-for-stm32.9-2020-q2-update.win32_1.5.0.202011040924/tools/bin/../lib/gcc/arm-none-eabi/9.3.1/thumb/v6-m/nofp/crtbegin.o
 .ARM.attributes
                0x000000000000004a       0x2c Drivers/STM32F0xx_HAL_Driver/Src/stm32f0xx_hal.o
 .ARM.attributes
                0x0000000000000076       0x2c Drivers/STM32F0xx_HAL_Driver/Src/stm32f0xx_hal_cortex.o
 .ARM.attributes
                0x00000000000000a2       0x2c Drivers/STM32F0xx_HAL_Driver/Src/stm32f0xx_hal_gpio.o
 .ARM.attributes
                0x00000000000000ce       0x2c Drivers/STM32F0xx_HAL_Driver/Src/stm32f0xx_hal_pcd.o
 .ARM.attributes
                0x00000000000000fa       0x2c Drivers/STM32F0xx_HAL_Driver/Src/stm32f0xx_hal_pcd_ex.o
 .ARM.attributes
                0x0000000000000126       0x2c Drivers/STM32F0xx_HAL_Driver/Src/stm32f0xx_hal_rcc.o
 .ARM.attributes
                0x0000000000000152       0x2c Drivers/STM32F0xx_HAL_Driver/Src/stm32f0xx_ll_utils.o
 .ARM.attributes
                0x000000000000017e       0x2c Middlewares/ST/STM32_USB_Device_Library/Class/CDC/Src/usbd_cdc.o
 .ARM.attributes
                0x00000000000001aa       0x2c Middlewares/ST/STM32_USB_Device_Library/Core/Src/usbd_core.o
 .ARM.attributes
                0x00000000000001d6       0x2c Middlewares/ST/STM32_USB_Device_Library/Core/Src/usbd_ctlreq.o
 .ARM.attributes
                0x0000000000000202       0x2c Middlewares/ST/STM32_USB_Device_Library/Core/Src/usbd_ioreq.o
 .ARM.attributes
                0x000000000000022e       0x2c Src/gpio.o
 .ARM.attributes
                0x000000000000025a       0x2c Src/main.o
 .ARM.attributes
                0x0000000000000286       0x2c Src/stm32f0xx_hal_msp.o
 .ARM.attributes
                0x00000000000002b2       0x2c Src/stm32f0xx_it.o
 .ARM.attributes
                0x00000000000002de       0x2c Src/system_stm32f0xx.o
 .ARM.attributes
                0x000000000000030a       0x2c Src/usb_device.o
 .ARM.attributes
                0x0000000000000336       0x2c Src/usbd_cdc_if.o
 .ARM.attributes
                0x0000000000000362       0x2c Src/usbd_conf.o
 .ARM.attributes
                0x000000000000038e       0x2c Src/usbd_desc.o
 .ARM.attributes
                0x00000000000003ba       0x21 Startup/startup_stm32f070f6px.o
 .ARM.attributes
                0x00000000000003db       0x2c d:/st/stm32cubeide_1.0.0/stm32cubeide/plugins/com.st.stm32cube.ide.mcu.externaltools.gnu-tools-for-stm32.9-2020-q2-update.win32_1.5.0.202011040924/tools/bin/../lib/gcc/arm-none-eabi/9.3.1/../../../../arm-none-eabi/lib/thumb/v6-m/nofp\libc_nano.a(lib_a-init.o)
 .ARM.attributes
                0x0000000000000407       0x1e d:/st/stm32cubeide_1.0.0/stm32cubeide/plugins/com.st.stm32cube.ide.mcu.externaltools.gnu-tools-for-stm32.9-2020-q2-update.win32_1.5.0.202011040924/tools/bin/../lib/gcc/arm-none-eabi/9.3.1/thumb/v6-m/nofp\libgcc.a(_udivsi3.o)
 .ARM.attributes
                0x0000000000000425       0x1e d:/st/stm32cubeide_1.0.0/stm32cubeide/plugins/com.st.stm32cube.ide.mcu.externaltools.gnu-tools-for-stm32.9-2020-q2-update.win32_1.5.0.202011040924/tools/bin/../lib/gcc/arm-none-eabi/9.3.1/thumb/v6-m/nofp\libgcc.a(_dvmd_tls.o)
 .ARM.attributes
                0x0000000000000443       0x1e d:/st/stm32cubeide_1.0.0/stm32cubeide/plugins/com.st.stm32cube.ide.mcu.externaltools.gnu-tools-for-stm32.9-2020-q2-update.win32_1.5.0.202011040924/tools/bin/../lib/gcc/arm-none-eabi/9.3.1/thumb/v6-m/nofp/crtn.o
OUTPUT(ESLBlaster02.elf elf32-littlearm)
LOAD linker stubs
LOAD d:/st/stm32cubeide_1.0.0/stm32cubeide/plugins/com.st.stm32cube.ide.mcu.externaltools.gnu-tools-for-stm32.9-2020-q2-update.win32_1.5.0.202011040924/tools/bin/../lib/gcc/arm-none-eabi/9.3.1/../../../../arm-none-eabi/lib/thumb/v6-m/nofp\libc.a
LOAD d:/st/stm32cubeide_1.0.0/stm32cubeide/plugins/com.st.stm32cube.ide.mcu.externaltools.gnu-tools-for-stm32.9-2020-q2-update.win32_1.5.0.202011040924/tools/bin/../lib/gcc/arm-none-eabi/9.3.1/../../../../arm-none-eabi/lib/thumb/v6-m/nofp\libm.a
LOAD d:/st/stm32cubeide_1.0.0/stm32cubeide/plugins/com.st.stm32cube.ide.mcu.externaltools.gnu-tools-for-stm32.9-2020-q2-update.win32_1.5.0.202011040924/tools/bin/../lib/gcc/arm-none-eabi/9.3.1/thumb/v6-m/nofp\libgcc.a

.comment        0x0000000000000000       0x53
 .comment       0x0000000000000000       0x53 Drivers/STM32F0xx_HAL_Driver/Src/stm32f0xx_hal.o
                                         0x54 (size before relaxing)
 .comment       0x0000000000000053       0x54 Drivers/STM32F0xx_HAL_Driver/Src/stm32f0xx_hal_cortex.o
 .comment       0x0000000000000053       0x54 Drivers/STM32F0xx_HAL_Driver/Src/stm32f0xx_hal_gpio.o
 .comment       0x0000000000000053       0x54 Drivers/STM32F0xx_HAL_Driver/Src/stm32f0xx_hal_pcd.o
 .comment       0x0000000000000053       0x54 Drivers/STM32F0xx_HAL_Driver/Src/stm32f0xx_hal_pcd_ex.o
 .comment       0x0000000000000053       0x54 Drivers/STM32F0xx_HAL_Driver/Src/stm32f0xx_hal_rcc.o
 .comment       0x0000000000000053       0x54 Drivers/STM32F0xx_HAL_Driver/Src/stm32f0xx_ll_utils.o
 .comment       0x0000000000000053       0x54 Middlewares/ST/STM32_USB_Device_Library/Class/CDC/Src/usbd_cdc.o
 .comment       0x0000000000000053       0x54 Middlewares/ST/STM32_USB_Device_Library/Core/Src/usbd_core.o
 .comment       0x0000000000000053       0x54 Middlewares/ST/STM32_USB_Device_Library/Core/Src/usbd_ctlreq.o
 .comment       0x0000000000000053       0x54 Middlewares/ST/STM32_USB_Device_Library/Core/Src/usbd_ioreq.o
 .comment       0x0000000000000053       0x54 Src/gpio.o
 .comment       0x0000000000000053       0x54 Src/main.o
 .comment       0x0000000000000053       0x54 Src/stm32f0xx_hal_msp.o
 .comment       0x0000000000000053       0x54 Src/stm32f0xx_it.o
 .comment       0x0000000000000053       0x54 Src/system_stm32f0xx.o
 .comment       0x0000000000000053       0x54 Src/usb_device.o
 .comment       0x0000000000000053       0x54 Src/usbd_cdc_if.o
 .comment       0x0000000000000053       0x54 Src/usbd_conf.o
 .comment       0x0000000000000053       0x54 Src/usbd_desc.o

.debug_frame    0x0000000000000000       0x4c
 .debug_frame   0x0000000000000000       0x2c d:/st/stm32cubeide_1.0.0/stm32cubeide/plugins/com.st.stm32cube.ide.mcu.externaltools.gnu-tools-for-stm32.9-2020-q2-update.win32_1.5.0.202011040924/tools/bin/../lib/gcc/arm-none-eabi/9.3.1/../../../../arm-none-eabi/lib/thumb/v6-m/nofp\libc_nano.a(lib_a-init.o)
 .debug_frame   0x000000000000002c       0x20 d:/st/stm32cubeide_1.0.0/stm32cubeide/plugins/com.st.stm32cube.ide.mcu.externaltools.gnu-tools-for-stm32.9-2020-q2-update.win32_1.5.0.202011040924/tools/bin/../lib/gcc/arm-none-eabi/9.3.1/thumb/v6-m/nofp\libgcc.a(_udivsi3.o)
