Archive member included to satisfy reference by file (symbol)

d:/st/stm32cubeide_1.0.0/stm32cubeide/plugins/com.st.stm32cube.ide.mcu.externaltools.gnu-tools-for-stm32.7-2018-q2-update.win32_1.0.0.201904181610/tools/bin/../lib/gcc/arm-none-eabi/7.3.1/../../../../arm-none-eabi/lib/thumb/v6-m\libc_nano.a(lib_a-exit.o)
                              d:/st/stm32cubeide_1.0.0/stm32cubeide/plugins/com.st.stm32cube.ide.mcu.externaltools.gnu-tools-for-stm32.7-2018-q2-update.win32_1.0.0.201904181610/tools/bin/../lib/gcc/arm-none-eabi/7.3.1/../../../../arm-none-eabi/lib/thumb/v6-m/crt0.o (exit)
d:/st/stm32cubeide_1.0.0/stm32cubeide/plugins/com.st.stm32cube.ide.mcu.externaltools.gnu-tools-for-stm32.7-2018-q2-update.win32_1.0.0.201904181610/tools/bin/../lib/gcc/arm-none-eabi/7.3.1/../../../../arm-none-eabi/lib/thumb/v6-m\libc_nano.a(lib_a-impure.o)
                              d:/st/stm32cubeide_1.0.0/stm32cubeide/plugins/com.st.stm32cube.ide.mcu.externaltools.gnu-tools-for-stm32.7-2018-q2-update.win32_1.0.0.201904181610/tools/bin/../lib/gcc/arm-none-eabi/7.3.1/../../../../arm-none-eabi/lib/thumb/v6-m\libc_nano.a(lib_a-exit.o) (_global_impure_ptr)
d:/st/stm32cubeide_1.0.0/stm32cubeide/plugins/com.st.stm32cube.ide.mcu.externaltools.gnu-tools-for-stm32.7-2018-q2-update.win32_1.0.0.201904181610/tools/bin/../lib/gcc/arm-none-eabi/7.3.1/../../../../arm-none-eabi/lib/thumb/v6-m\libc_nano.a(lib_a-init.o)
                              d:/st/stm32cubeide_1.0.0/stm32cubeide/plugins/com.st.stm32cube.ide.mcu.externaltools.gnu-tools-for-stm32.7-2018-q2-update.win32_1.0.0.201904181610/tools/bin/../lib/gcc/arm-none-eabi/7.3.1/../../../../arm-none-eabi/lib/thumb/v6-m/crt0.o (__libc_init_array)
d:/st/stm32cubeide_1.0.0/stm32cubeide/plugins/com.st.stm32cube.ide.mcu.externaltools.gnu-tools-for-stm32.7-2018-q2-update.win32_1.0.0.201904181610/tools/bin/../lib/gcc/arm-none-eabi/7.3.1/../../../../arm-none-eabi/lib/thumb/v6-m\libc_nano.a(lib_a-memset.o)
                              d:/st/stm32cubeide_1.0.0/stm32cubeide/plugins/com.st.stm32cube.ide.mcu.externaltools.gnu-tools-for-stm32.7-2018-q2-update.win32_1.0.0.201904181610/tools/bin/../lib/gcc/arm-none-eabi/7.3.1/../../../../arm-none-eabi/lib/thumb/v6-m/crt0.o (memset)
d:/st/stm32cubeide_1.0.0/stm32cubeide/plugins/com.st.stm32cube.ide.mcu.externaltools.gnu-tools-for-stm32.7-2018-q2-update.win32_1.0.0.201904181610/tools/bin/../lib/gcc/arm-none-eabi/7.3.1/thumb/v6-m\libgcc.a(_udivsi3.o)
                              Drivers/STM32F0xx_HAL_Driver/Src/stm32f0xx_hal.o (__aeabi_uidiv)
d:/st/stm32cubeide_1.0.0/stm32cubeide/plugins/com.st.stm32cube.ide.mcu.externaltools.gnu-tools-for-stm32.7-2018-q2-update.win32_1.0.0.201904181610/tools/bin/../lib/gcc/arm-none-eabi/7.3.1/thumb/v6-m\libgcc.a(_dvmd_tls.o)
                              d:/st/stm32cubeide_1.0.0/stm32cubeide/plugins/com.st.stm32cube.ide.mcu.externaltools.gnu-tools-for-stm32.7-2018-q2-update.win32_1.0.0.201904181610/tools/bin/../lib/gcc/arm-none-eabi/7.3.1/thumb/v6-m\libgcc.a(_udivsi3.o) (__aeabi_idiv0)
d:/st/stm32cubeide_1.0.0/stm32cubeide/plugins/com.st.stm32cube.ide.mcu.externaltools.gnu-tools-for-stm32.7-2018-q2-update.win32_1.0.0.201904181610/tools/bin/../lib/gcc/arm-none-eabi/7.3.1/../../../../arm-none-eabi/lib/thumb/v6-m\libnosys.a(_exit.o)
                              d:/st/stm32cubeide_1.0.0/stm32cubeide/plugins/com.st.stm32cube.ide.mcu.externaltools.gnu-tools-for-stm32.7-2018-q2-update.win32_1.0.0.201904181610/tools/bin/../lib/gcc/arm-none-eabi/7.3.1/../../../../arm-none-eabi/lib/thumb/v6-m\libc_nano.a(lib_a-exit.o) (_exit)

Allocating common symbols
Common symbol       size              file

hUsbDeviceFS        0x224             Src/usb_device.o
Symbol              0x1               Src/main.o
Repeats             0x4               Src/main.o
TickCounter         0x4               Src/main.o
uwTick              0x4               Drivers/STM32F0xx_HAL_Driver/Src/stm32f0xx_hal.o
pFlash              0x20              Drivers/STM32F0xx_HAL_Driver/Src/stm32f0xx_hal_flash.o
ByteSentCounter     0x4               Src/main.o
UserRxBufferFS      0x100             Src/usbd_cdc_if.o
CurrentByte         0x1               Src/main.o
UserTxBufferFS      0x100             Src/usbd_cdc_if.o
SymbolCounter       0x4               Src/main.o
ErrorAcc            0x4               Src/main.o
FrameData           0x4               Src/main.o
flash_data_buffer   0x400             Src/main.o
ByteCount           0x4               Src/main.o
hpcd_USB_FS         0x220             Src/usbd_conf.o
Burst               0x4               Src/main.o

Discarded input sections

 .text          0x0000000000000000        0x0 d:/st/stm32cubeide_1.0.0/stm32cubeide/plugins/com.st.stm32cube.ide.mcu.externaltools.gnu-tools-for-stm32.7-2018-q2-update.win32_1.0.0.201904181610/tools/bin/../lib/gcc/arm-none-eabi/7.3.1/thumb/v6-m/crti.o
[...]
Memory Configuration

Name             Origin             Length             Attributes
FLASH            0x0000000008000000 0x0000000000008000 xr
FLASH_USER       0x0000000008007c00 0x0000000000000400 rw
RAM              0x0000000020000000 0x0000000000001800 xrw
*default*        0x0000000000000000 0xffffffffffffffff

Linker script and memory map

LOAD d:/st/stm32cubeide_1.0.0/stm32cubeide/plugins/com.st.stm32cube.ide.mcu.externaltools.gnu-tools-for-stm32.7-2018-q2-update.win32_1.0.0.201904181610/tools/bin/../lib/gcc/arm-none-eabi/7.3.1/thumb/v6-m/crti.o
LOAD d:/st/stm32cubeide_1.0.0/stm32cubeide/plugins/com.st.stm32cube.ide.mcu.externaltools.gnu-tools-for-stm32.7-2018-q2-update.win32_1.0.0.201904181610/tools/bin/../lib/gcc/arm-none-eabi/7.3.1/thumb/v6-m/crtbegin.o
LOAD d:/st/stm32cubeide_1.0.0/stm32cubeide/plugins/com.st.stm32cube.ide.mcu.externaltools.gnu-tools-for-stm32.7-2018-q2-update.win32_1.0.0.201904181610/tools/bin/../lib/gcc/arm-none-eabi/7.3.1/../../../../arm-none-eabi/lib/thumb/v6-m/crt0.o
LOAD Drivers/STM32F0xx_HAL_Driver/Src/stm32f0xx_hal.o
LOAD Drivers/STM32F0xx_HAL_Driver/Src/stm32f0xx_hal_cortex.o
LOAD Drivers/STM32F0xx_HAL_Driver/Src/stm32f0xx_hal_dma.o
LOAD Drivers/STM32F0xx_HAL_Driver/Src/stm32f0xx_hal_flash.o
LOAD Drivers/STM32F0xx_HAL_Driver/Src/stm32f0xx_hal_flash_ex.o
LOAD Drivers/STM32F0xx_HAL_Driver/Src/stm32f0xx_hal_gpio.o
LOAD Drivers/STM32F0xx_HAL_Driver/Src/stm32f0xx_hal_i2c.o
LOAD Drivers/STM32F0xx_HAL_Driver/Src/stm32f0xx_hal_i2c_ex.o
LOAD Drivers/STM32F0xx_HAL_Driver/Src/stm32f0xx_hal_pcd.o
LOAD Drivers/STM32F0xx_HAL_Driver/Src/stm32f0xx_hal_pcd_ex.o
LOAD Drivers/STM32F0xx_HAL_Driver/Src/stm32f0xx_hal_pwr.o
LOAD Drivers/STM32F0xx_HAL_Driver/Src/stm32f0xx_hal_pwr_ex.o
LOAD Drivers/STM32F0xx_HAL_Driver/Src/stm32f0xx_hal_rcc.o
LOAD Drivers/STM32F0xx_HAL_Driver/Src/stm32f0xx_hal_rcc_ex.o
LOAD Drivers/STM32F0xx_HAL_Driver/Src/stm32f0xx_hal_tim.o
LOAD Drivers/STM32F0xx_HAL_Driver/Src/stm32f0xx_hal_tim_ex.o
LOAD Drivers/STM32F0xx_HAL_Driver/Src/stm32f0xx_ll_exti.o
LOAD Drivers/STM32F0xx_HAL_Driver/Src/stm32f0xx_ll_gpio.o
LOAD Drivers/STM32F0xx_HAL_Driver/Src/stm32f0xx_ll_rcc.o
LOAD Drivers/STM32F0xx_HAL_Driver/Src/stm32f0xx_ll_utils.o
LOAD Middlewares/ST/STM32_USB_Device_Library/Class/CDC/Src/usbd_cdc.o
LOAD Middlewares/ST/STM32_USB_Device_Library/Core/Src/usbd_core.o
LOAD Middlewares/ST/STM32_USB_Device_Library/Core/Src/usbd_ctlreq.o
LOAD Middlewares/ST/STM32_USB_Device_Library/Core/Src/usbd_ioreq.o
LOAD Src/gpio.o
LOAD Src/main.o
LOAD Src/stm32f0xx_hal_msp.o
LOAD Src/stm32f0xx_it.o
LOAD Src/system_stm32f0xx.o
LOAD Src/usb_device.o
LOAD Src/usbd_cdc_if.o
LOAD Src/usbd_conf.o
LOAD Src/usbd_desc.o
LOAD Startup/startup_stm32f070f6px.o
START GROUP
LOAD d:/st/stm32cubeide_1.0.0/stm32cubeide/plugins/com.st.stm32cube.ide.mcu.externaltools.gnu-tools-for-stm32.7-2018-q2-update.win32_1.0.0.201904181610/tools/bin/../lib/gcc/arm-none-eabi/7.3.1/../../../../arm-none-eabi/lib/thumb/v6-m\libc_nano.a
LOAD d:/st/stm32cubeide_1.0.0/stm32cubeide/plugins/com.st.stm32cube.ide.mcu.externaltools.gnu-tools-for-stm32.7-2018-q2-update.win32_1.0.0.201904181610/tools/bin/../lib/gcc/arm-none-eabi/7.3.1/../../../../arm-none-eabi/lib/thumb/v6-m\libm.a
END GROUP
START GROUP
LOAD d:/st/stm32cubeide_1.0.0/stm32cubeide/plugins/com.st.stm32cube.ide.mcu.externaltools.gnu-tools-for-stm32.7-2018-q2-update.win32_1.0.0.201904181610/tools/bin/../lib/gcc/arm-none-eabi/7.3.1/thumb/v6-m\libgcc.a
LOAD d:/st/stm32cubeide_1.0.0/stm32cubeide/plugins/com.st.stm32cube.ide.mcu.externaltools.gnu-tools-for-stm32.7-2018-q2-update.win32_1.0.0.201904181610/tools/bin/../lib/gcc/arm-none-eabi/7.3.1/../../../../arm-none-eabi/lib/thumb/v6-m\libc_nano.a
END GROUP
START GROUP
LOAD d:/st/stm32cubeide_1.0.0/stm32cubeide/plugins/com.st.stm32cube.ide.mcu.externaltools.gnu-tools-for-stm32.7-2018-q2-update.win32_1.0.0.201904181610/tools/bin/../lib/gcc/arm-none-eabi/7.3.1/thumb/v6-m\libgcc.a
LOAD d:/st/stm32cubeide_1.0.0/stm32cubeide/plugins/com.st.stm32cube.ide.mcu.externaltools.gnu-tools-for-stm32.7-2018-q2-update.win32_1.0.0.201904181610/tools/bin/../lib/gcc/arm-none-eabi/7.3.1/../../../../arm-none-eabi/lib/thumb/v6-m\libc_nano.a
LOAD d:/st/stm32cubeide_1.0.0/stm32cubeide/plugins/com.st.stm32cube.ide.mcu.externaltools.gnu-tools-for-stm32.7-2018-q2-update.win32_1.0.0.201904181610/tools/bin/../lib/gcc/arm-none-eabi/7.3.1/../../../../arm-none-eabi/lib/thumb/v6-m\libnosys.a
END GROUP
START GROUP
LOAD d:/st/stm32cubeide_1.0.0/stm32cubeide/plugins/com.st.stm32cube.ide.mcu.externaltools.gnu-tools-for-stm32.7-2018-q2-update.win32_1.0.0.201904181610/tools/bin/../lib/gcc/arm-none-eabi/7.3.1/thumb/v6-m\libgcc.a
LOAD d:/st/stm32cubeide_1.0.0/stm32cubeide/plugins/com.st.stm32cube.ide.mcu.externaltools.gnu-tools-for-stm32.7-2018-q2-update.win32_1.0.0.201904181610/tools/bin/../lib/gcc/arm-none-eabi/7.3.1/../../../../arm-none-eabi/lib/thumb/v6-m\libc_nano.a
LOAD d:/st/stm32cubeide_1.0.0/stm32cubeide/plugins/com.st.stm32cube.ide.mcu.externaltools.gnu-tools-for-stm32.7-2018-q2-update.win32_1.0.0.201904181610/tools/bin/../lib/gcc/arm-none-eabi/7.3.1/../../../../arm-none-eabi/lib/thumb/v6-m\libnosys.a
END GROUP
LOAD d:/st/stm32cubeide_1.0.0/stm32cubeide/plugins/com.st.stm32cube.ide.mcu.externaltools.gnu-tools-for-stm32.7-2018-q2-update.win32_1.0.0.201904181610/tools/bin/../lib/gcc/arm-none-eabi/7.3.1/thumb/v6-m/crtend.o
LOAD d:/st/stm32cubeide_1.0.0/stm32cubeide/plugins/com.st.stm32cube.ide.mcu.externaltools.gnu-tools-for-stm32.7-2018-q2-update.win32_1.0.0.201904181610/tools/bin/../lib/gcc/arm-none-eabi/7.3.1/thumb/v6-m/crtn.o
                0x00000000200017ff                _estack = 0x200017ff
                0x0000000000000180                _Min_Heap_Size = 0x180
                0x0000000000000400                _Min_Stack_Size = 0x400

.isr_vector     0x0000000008000000       0xc0
                0x0000000008000000                . = ALIGN (0x4)
 *(.isr_vector)
 .isr_vector    0x0000000008000000       0xc0 Startup/startup_stm32f070f6px.o
                0x0000000008000000                g_pfnVectors
                0x00000000080000c0                . = ALIGN (0x4)

.text           0x00000000080000c0     0x301c
                0x00000000080000c0                . = ALIGN (0x4)
 *(.text)
 .text          0x00000000080000c0       0x48 d:/st/stm32cubeide_1.0.0/stm32cubeide/plugins/com.st.stm32cube.ide.mcu.externaltools.gnu-tools-for-stm32.7-2018-q2-update.win32_1.0.0.201904181610/tools/bin/../lib/gcc/arm-none-eabi/7.3.1/thumb/v6-m/crtbegin.o
 .text          0x0000000008000108      0x114 d:/st/stm32cubeide_1.0.0/stm32cubeide/plugins/com.st.stm32cube.ide.mcu.externaltools.gnu-tools-for-stm32.7-2018-q2-update.win32_1.0.0.201904181610/tools/bin/../lib/gcc/arm-none-eabi/7.3.1/thumb/v6-m\libgcc.a(_udivsi3.o)
                0x0000000008000108                __aeabi_uidiv
                0x0000000008000108                __udivsi3
                0x0000000008000214                __aeabi_uidivmod
 .text          0x000000000800021c        0x4 d:/st/stm32cubeide_1.0.0/stm32cubeide/plugins/com.st.stm32cube.ide.mcu.externaltools.gnu-tools-for-stm32.7-2018-q2-update.win32_1.0.0.201904181610/tools/bin/../lib/gcc/arm-none-eabi/7.3.1/thumb/v6-m\libgcc.a(_dvmd_tls.o)
                0x000000000800021c                __aeabi_idiv0
                0x000000000800021c                __aeabi_ldiv0
 *(.text*)
 .text.HAL_InitTick
                0x0000000008000220       0x24 Drivers/STM32F0xx_HAL_Driver/Src/stm32f0xx_hal.o
                0x0000000008000220                HAL_InitTick
 .text.HAL_Init
                0x0000000008000244       0x20 Drivers/STM32F0xx_HAL_Driver/Src/stm32f0xx_hal.o
                0x0000000008000244                HAL_Init
 .text.HAL_IncTick
                0x0000000008000264       0x10 Drivers/STM32F0xx_HAL_Driver/Src/stm32f0xx_hal.o
                0x0000000008000264                HAL_IncTick
 .text.HAL_NVIC_SetPriority
                0x0000000008000274       0x68 Drivers/STM32F0xx_HAL_Driver/Src/stm32f0xx_hal_cortex.o
                0x0000000008000274                HAL_NVIC_SetPriority
 .text.HAL_NVIC_EnableIRQ
                0x00000000080002dc       0x14 Drivers/STM32F0xx_HAL_Driver/Src/stm32f0xx_hal_cortex.o
                0x00000000080002dc                HAL_NVIC_EnableIRQ
 .text.HAL_SYSTICK_Config
                0x00000000080002f0       0x38 Drivers/STM32F0xx_HAL_Driver/Src/stm32f0xx_hal_cortex.o
                0x00000000080002f0                HAL_SYSTICK_Config
 .text.HAL_GPIO_Init
                0x0000000008000328      0x1b4 Drivers/STM32F0xx_HAL_Driver/Src/stm32f0xx_hal_gpio.o
                0x0000000008000328                HAL_GPIO_Init
 .text.HAL_GPIO_WritePin
                0x00000000080004dc        0xc Drivers/STM32F0xx_HAL_Driver/Src/stm32f0xx_hal_gpio.o
                0x00000000080004dc                HAL_GPIO_WritePin
 .text.HAL_PCD_Init
                0x00000000080004e8       0xa4 Drivers/STM32F0xx_HAL_Driver/Src/stm32f0xx_hal_pcd.o
                0x00000000080004e8                HAL_PCD_Init
 .text.HAL_PCD_Start
                0x000000000800058c       0x12 Drivers/STM32F0xx_HAL_Driver/Src/stm32f0xx_hal_pcd.o
                0x000000000800058c                HAL_PCD_Start
 .text.HAL_PCD_SetAddress
                0x000000000800059e       0x36 Drivers/STM32F0xx_HAL_Driver/Src/stm32f0xx_hal_pcd.o
                0x000000000800059e                HAL_PCD_SetAddress
 .text.HAL_PCD_EP_Open
                0x00000000080005d4      0x35c Drivers/STM32F0xx_HAL_Driver/Src/stm32f0xx_hal_pcd.o
                0x00000000080005d4                HAL_PCD_EP_Open
 .text.HAL_PCD_EP_Close
                0x0000000008000930      0x1d0 Drivers/STM32F0xx_HAL_Driver/Src/stm32f0xx_hal_pcd.o
                0x0000000008000930                HAL_PCD_EP_Close
 .text.HAL_PCD_EP_Receive
                0x0000000008000b00      0x264 Drivers/STM32F0xx_HAL_Driver/Src/stm32f0xx_hal_pcd.o
                0x0000000008000b00                HAL_PCD_EP_Receive
 .text.HAL_PCD_EP_GetRxCount
                0x0000000008000d64       0x16 Drivers/STM32F0xx_HAL_Driver/Src/stm32f0xx_hal_pcd.o
                0x0000000008000d64                HAL_PCD_EP_GetRxCount
 *fill*         0x0000000008000d7a        0x2 
 .text.HAL_PCD_EP_SetStall
                0x0000000008000d7c       0xd4 Drivers/STM32F0xx_HAL_Driver/Src/stm32f0xx_hal_pcd.o
                0x0000000008000d7c                HAL_PCD_EP_SetStall
 .text.HAL_PCD_EP_ClrStall
                0x0000000008000e50       0xe0 Drivers/STM32F0xx_HAL_Driver/Src/stm32f0xx_hal_pcd.o
                0x0000000008000e50                HAL_PCD_EP_ClrStall
 .text.PCD_WritePMA
                0x0000000008000f30       0x2c Drivers/STM32F0xx_HAL_Driver/Src/stm32f0xx_hal_pcd.o
                0x0000000008000f30                PCD_WritePMA
 .text.HAL_PCD_EP_Transmit
                0x0000000008000f5c      0x218 Drivers/STM32F0xx_HAL_Driver/Src/stm32f0xx_hal_pcd.o
                0x0000000008000f5c                HAL_PCD_EP_Transmit
 .text.PCD_ReadPMA
                0x0000000008001174       0x3a Drivers/STM32F0xx_HAL_Driver/Src/stm32f0xx_hal_pcd.o
                0x0000000008001174                PCD_ReadPMA
 *fill*         0x00000000080011ae        0x2 
 .text.HAL_PCD_IRQHandler
                0x00000000080011b0      0x5cc Drivers/STM32F0xx_HAL_Driver/Src/stm32f0xx_hal_pcd.o
                0x00000000080011b0                HAL_PCD_IRQHandler
 .text.HAL_PCDEx_PMAConfig
                0x000000000800177c       0x3a Drivers/STM32F0xx_HAL_Driver/Src/stm32f0xx_hal_pcd_ex.o
                0x000000000800177c                HAL_PCDEx_PMAConfig
 *fill*         0x00000000080017b6        0x2 
 .text.HAL_RCC_GetHCLKFreq
                0x00000000080017b8        0xc Drivers/STM32F0xx_HAL_Driver/Src/stm32f0xx_hal_rcc.o
                0x00000000080017b8                HAL_RCC_GetHCLKFreq
 .text.LL_Init1msTick
                0x00000000080017c4       0x20 Drivers/STM32F0xx_HAL_Driver/Src/stm32f0xx_ll_utils.o
                0x00000000080017c4                LL_Init1msTick
 .text.LL_SetSystemCoreClock
                0x00000000080017e4        0xc Drivers/STM32F0xx_HAL_Driver/Src/stm32f0xx_ll_utils.o
                0x00000000080017e4                LL_SetSystemCoreClock
 .text.USBD_CDC_DataIn
                0x00000000080017f0       0x1a Middlewares/ST/STM32_USB_Device_Library/Class/CDC/Src/usbd_cdc.o
 *fill*         0x000000000800180a        0x2 
 .text.USBD_CDC_EP0_RxReady
                0x000000000800180c       0x34 Middlewares/ST/STM32_USB_Device_Library/Class/CDC/Src/usbd_cdc.o
 .text.USBD_CDC_GetFSCfgDesc
                0x0000000008001840        0xc Middlewares/ST/STM32_USB_Device_Library/Class/CDC/Src/usbd_cdc.o
 .text.USBD_CDC_GetHSCfgDesc
                0x000000000800184c        0xc Middlewares/ST/STM32_USB_Device_Library/Class/CDC/Src/usbd_cdc.o
 .text.USBD_CDC_GetOtherSpeedCfgDesc
                0x0000000008001858        0xc Middlewares/ST/STM32_USB_Device_Library/Class/CDC/Src/usbd_cdc.o
 .text.USBD_CDC_GetDeviceQualifierDescriptor
                0x0000000008001864        0xc Middlewares/ST/STM32_USB_Device_Library/Class/CDC/Src/usbd_cdc.o
                0x0000000008001864                USBD_CDC_GetDeviceQualifierDescriptor
 .text.USBD_CDC_DataOut
                0x0000000008001870       0x34 Middlewares/ST/STM32_USB_Device_Library/Class/CDC/Src/usbd_cdc.o
 .text.USBD_CDC_Setup
                0x00000000080018a4       0x80 Middlewares/ST/STM32_USB_Device_Library/Class/CDC/Src/usbd_cdc.o
 .text.USBD_CDC_DeInit
                0x0000000008001924       0x40 Middlewares/ST/STM32_USB_Device_Library/Class/CDC/Src/usbd_cdc.o
 .text.USBD_CDC_Init
                0x0000000008001964       0xa4 Middlewares/ST/STM32_USB_Device_Library/Class/CDC/Src/usbd_cdc.o
 .text.USBD_CDC_RegisterInterface
                0x0000000008001a08       0x12 Middlewares/ST/STM32_USB_Device_Library/Class/CDC/Src/usbd_cdc.o
                0x0000000008001a08                USBD_CDC_RegisterInterface
 .text.USBD_CDC_SetTxBuffer
                0x0000000008001a1a       0x16 Middlewares/ST/STM32_USB_Device_Library/Class/CDC/Src/usbd_cdc.o
                0x0000000008001a1a                USBD_CDC_SetTxBuffer
 .text.USBD_CDC_SetRxBuffer
                0x0000000008001a30        0xe Middlewares/ST/STM32_USB_Device_Library/Class/CDC/Src/usbd_cdc.o
                0x0000000008001a30                USBD_CDC_SetRxBuffer
 .text.USBD_CDC_TransmitPacket
                0x0000000008001a3e       0x3c Middlewares/ST/STM32_USB_Device_Library/Class/CDC/Src/usbd_cdc.o
                0x0000000008001a3e                USBD_CDC_TransmitPacket
 .text.USBD_CDC_ReceivePacket
                0x0000000008001a7a       0x3e Middlewares/ST/STM32_USB_Device_Library/Class/CDC/Src/usbd_cdc.o
                0x0000000008001a7a                USBD_CDC_ReceivePacket
 .text.USBD_Init
                0x0000000008001ab8       0x38 Middlewares/ST/STM32_USB_Device_Library/Core/Src/usbd_core.o
                0x0000000008001ab8                USBD_Init
 .text.USBD_RegisterClass
                0x0000000008001af0       0x12 Middlewares/ST/STM32_USB_Device_Library/Core/Src/usbd_core.o
                0x0000000008001af0                USBD_RegisterClass
 .text.USBD_Start
                0x0000000008001b02        0xa Middlewares/ST/STM32_USB_Device_Library/Core/Src/usbd_core.o
                0x0000000008001b02                USBD_Start
 .text.USBD_SetClassConfig
                0x0000000008001b0c       0x1c Middlewares/ST/STM32_USB_Device_Library/Core/Src/usbd_core.o
                0x0000000008001b0c                USBD_SetClassConfig
 .text.USBD_ClrClassConfig
                0x0000000008001b28       0x10 Middlewares/ST/STM32_USB_Device_Library/Core/Src/usbd_core.o
                0x0000000008001b28                USBD_ClrClassConfig
 .text.USBD_LL_SetupStage
                0x0000000008001b38       0x68 Middlewares/ST/STM32_USB_Device_Library/Core/Src/usbd_core.o
                0x0000000008001b38                USBD_LL_SetupStage
 .text.USBD_LL_DataOutStage
                0x0000000008001ba0       0x78 Middlewares/ST/STM32_USB_Device_Library/Core/Src/usbd_core.o
                0x0000000008001ba0                USBD_LL_DataOutStage
 .text.USBD_LL_DataInStage
                0x0000000008001c18       0xc2 Middlewares/ST/STM32_USB_Device_Library/Core/Src/usbd_core.o
                0x0000000008001c18                USBD_LL_DataInStage
 .text.USBD_LL_Reset
                0x0000000008001cda       0x46 Middlewares/ST/STM32_USB_Device_Library/Core/Src/usbd_core.o
                0x0000000008001cda                USBD_LL_Reset
 .text.USBD_LL_SetSpeed
                0x0000000008001d20        0x6 Middlewares/ST/STM32_USB_Device_Library/Core/Src/usbd_core.o
                0x0000000008001d20                USBD_LL_SetSpeed
 .text.USBD_LL_Suspend
                0x0000000008001d26       0x16 Middlewares/ST/STM32_USB_Device_Library/Core/Src/usbd_core.o
                0x0000000008001d26                USBD_LL_Suspend
 .text.USBD_LL_Resume
                0x0000000008001d3c        0xe Middlewares/ST/STM32_USB_Device_Library/Core/Src/usbd_core.o
                0x0000000008001d3c                USBD_LL_Resume
 .text.USBD_LL_SOF
                0x0000000008001d4a       0x20 Middlewares/ST/STM32_USB_Device_Library/Core/Src/usbd_core.o
                0x0000000008001d4a                USBD_LL_SOF
 .text.USBD_ParseSetupRequest
                0x0000000008001d6a       0x28 Middlewares/ST/STM32_USB_Device_Library/Core/Src/usbd_ctlreq.o
                0x0000000008001d6a                USBD_ParseSetupRequest
 .text.USBD_CtlError
                0x0000000008001d92       0x14 Middlewares/ST/STM32_USB_Device_Library/Core/Src/usbd_ctlreq.o
                0x0000000008001d92                USBD_CtlError
 *fill*         0x0000000008001da6        0x2 
 .text.USBD_StdDevReq
                0x0000000008001da8      0x338 Middlewares/ST/STM32_USB_Device_Library/Core/Src/usbd_ctlreq.o
                0x0000000008001da8                USBD_StdDevReq
 .text.USBD_StdItfReq
                0x00000000080020e0       0x3e Middlewares/ST/STM32_USB_Device_Library/Core/Src/usbd_ctlreq.o
                0x00000000080020e0                USBD_StdItfReq
 .text.USBD_StdEPReq
                0x000000000800211e      0x116 Middlewares/ST/STM32_USB_Device_Library/Core/Src/usbd_ctlreq.o
                0x000000000800211e                USBD_StdEPReq
 .text.USBD_CtlSendData
                0x0000000008002234       0x1c Middlewares/ST/STM32_USB_Device_Library/Core/Src/usbd_ioreq.o
                0x0000000008002234                USBD_CtlSendData
 .text.USBD_CtlContinueSendData
                0x0000000008002250       0x10 Middlewares/ST/STM32_USB_Device_Library/Core/Src/usbd_ioreq.o
                0x0000000008002250                USBD_CtlContinueSendData
 .text.USBD_CtlPrepareRx
                0x0000000008002260       0x20 Middlewares/ST/STM32_USB_Device_Library/Core/Src/usbd_ioreq.o
                0x0000000008002260                USBD_CtlPrepareRx
 .text.USBD_CtlContinueRx
                0x0000000008002280       0x10 Middlewares/ST/STM32_USB_Device_Library/Core/Src/usbd_ioreq.o
                0x0000000008002280                USBD_CtlContinueRx
 .text.USBD_CtlSendStatus
                0x0000000008002290       0x18 Middlewares/ST/STM32_USB_Device_Library/Core/Src/usbd_ioreq.o
                0x0000000008002290                USBD_CtlSendStatus
 .text.USBD_CtlReceiveStatus
                0x00000000080022a8       0x18 Middlewares/ST/STM32_USB_Device_Library/Core/Src/usbd_ioreq.o
                0x00000000080022a8                USBD_CtlReceiveStatus
 .text.MX_GPIO_Init
                0x00000000080022c0       0x80 Src/gpio.o
                0x00000000080022c0                MX_GPIO_Init
 .text.TIM16_IRQHandler
                0x0000000008002340      0x188 Src/main.o
                0x0000000008002340                TIM16_IRQHandler
 .text.TIM14_IRQHandler
                0x00000000080024c8       0x20 Src/main.o
                0x00000000080024c8                TIM14_IRQHandler
 .text.IRTX     0x00000000080024e8       0x6c Src/main.o
                0x00000000080024e8                IRTX
 .text.adc_read
                0x0000000008002554       0x2c Src/main.o
                0x0000000008002554                adc_read
 .text.SystemClock_Config
                0x0000000008002580       0xbc Src/main.o
                0x0000000008002580                SystemClock_Config
 .text.main     0x000000000800263c      0x48c Src/main.o
                0x000000000800263c                main
 .text.Error_Handler
                0x0000000008002ac8        0x2 Src/main.o
                0x0000000008002ac8                Error_Handler
 *fill*         0x0000000008002aca        0x2 
 .text.HAL_MspInit
                0x0000000008002acc       0x3c Src/stm32f0xx_hal_msp.o
                0x0000000008002acc                HAL_MspInit
 .text.NMI_Handler
                0x0000000008002b08        0x2 Src/stm32f0xx_it.o
                0x0000000008002b08                NMI_Handler
 .text.HardFault_Handler
                0x0000000008002b0a        0x2 Src/stm32f0xx_it.o
                0x0000000008002b0a                HardFault_Handler
 .text.SVC_Handler
                0x0000000008002b0c        0x2 Src/stm32f0xx_it.o
                0x0000000008002b0c                SVC_Handler
 .text.PendSV_Handler
                0x0000000008002b0e        0x2 Src/stm32f0xx_it.o
                0x0000000008002b0e                PendSV_Handler
 .text.SysTick_Handler
                0x0000000008002b10        0x8 Src/stm32f0xx_it.o
                0x0000000008002b10                SysTick_Handler
 .text.USB_IRQHandler
                0x0000000008002b18       0x10 Src/stm32f0xx_it.o
                0x0000000008002b18                USB_IRQHandler
 .text.SystemInit
                0x0000000008002b28       0x68 Src/system_stm32f0xx.o
                0x0000000008002b28                SystemInit
 .text.MX_USB_DEVICE_Init
                0x0000000008002b90       0x5c Src/usb_device.o
                0x0000000008002b90                MX_USB_DEVICE_Init
 .text.CDC_DeInit_FS
                0x0000000008002bec        0x4 Src/usbd_cdc_if.o
 .text.CDC_Control_FS
                0x0000000008002bf0        0x4 Src/usbd_cdc_if.o
 .text.CDC_Receive_FS
                0x0000000008002bf4       0x70 Src/usbd_cdc_if.o
 .text.CDC_Init_FS
                0x0000000008002c64       0x28 Src/usbd_cdc_if.o
 .text.CDC_Transmit_FS
                0x0000000008002c8c       0x30 Src/usbd_cdc_if.o
                0x0000000008002c8c                CDC_Transmit_FS
 .text.USBD_Get_USB_Status
                0x0000000008002cbc       0x12 Src/usbd_conf.o
 *fill*         0x0000000008002cce        0x2 
 .text.HAL_PCD_MspInit
                0x0000000008002cd0       0x40 Src/usbd_conf.o
                0x0000000008002cd0                HAL_PCD_MspInit
 .text.HAL_PCD_SetupStageCallback
                0x0000000008002d10       0x14 Src/usbd_conf.o
                0x0000000008002d10                HAL_PCD_SetupStageCallback
 .text.HAL_PCD_DataOutStageCallback
                0x0000000008002d24       0x1c Src/usbd_conf.o
                0x0000000008002d24                HAL_PCD_DataOutStageCallback
 .text.HAL_PCD_DataInStageCallback
                0x0000000008002d40       0x18 Src/usbd_conf.o
                0x0000000008002d40                HAL_PCD_DataInStageCallback
 .text.HAL_PCD_SOFCallback
                0x0000000008002d58        0xe Src/usbd_conf.o
                0x0000000008002d58                HAL_PCD_SOFCallback
 .text.HAL_PCD_ResetCallback
                0x0000000008002d66       0x22 Src/usbd_conf.o
                0x0000000008002d66                HAL_PCD_ResetCallback
 .text.HAL_PCD_SuspendCallback
                0x0000000008002d88       0x24 Src/usbd_conf.o
                0x0000000008002d88                HAL_PCD_SuspendCallback
 .text.HAL_PCD_ResumeCallback
                0x0000000008002dac       0x2c Src/usbd_conf.o
                0x0000000008002dac                HAL_PCD_ResumeCallback
 .text.USBD_LL_Init
                0x0000000008002dd8       0x84 Src/usbd_conf.o
                0x0000000008002dd8                USBD_LL_Init
 .text.USBD_LL_Start
                0x0000000008002e5c       0x12 Src/usbd_conf.o
                0x0000000008002e5c                USBD_LL_Start
 .text.USBD_LL_OpenEP
                0x0000000008002e6e       0x18 Src/usbd_conf.o
                0x0000000008002e6e                USBD_LL_OpenEP
 .text.USBD_LL_CloseEP
                0x0000000008002e86       0x12 Src/usbd_conf.o
                0x0000000008002e86                USBD_LL_CloseEP
 .text.USBD_LL_StallEP
                0x0000000008002e98       0x12 Src/usbd_conf.o
                0x0000000008002e98                USBD_LL_StallEP
 .text.USBD_LL_ClearStallEP
                0x0000000008002eaa       0x12 Src/usbd_conf.o
                0x0000000008002eaa                USBD_LL_ClearStallEP
 .text.USBD_LL_IsStallEP
                0x0000000008002ebc       0x34 Src/usbd_conf.o
                0x0000000008002ebc                USBD_LL_IsStallEP
 .text.USBD_LL_SetUSBAddress
                0x0000000008002ef0       0x12 Src/usbd_conf.o
                0x0000000008002ef0                USBD_LL_SetUSBAddress
 .text.USBD_LL_Transmit
                0x0000000008002f02       0x12 Src/usbd_conf.o
                0x0000000008002f02                USBD_LL_Transmit
 .text.USBD_LL_PrepareReceive
                0x0000000008002f14       0x12 Src/usbd_conf.o
                0x0000000008002f14                USBD_LL_PrepareReceive
 .text.USBD_LL_GetRxDataSize
                0x0000000008002f26        0xe Src/usbd_conf.o
                0x0000000008002f26                USBD_LL_GetRxDataSize
 .text.USBD_static_malloc
                0x0000000008002f34        0x8 Src/usbd_conf.o
                0x0000000008002f34                USBD_static_malloc
 .text.USBD_static_free
                0x0000000008002f3c        0x2 Src/usbd_conf.o
                0x0000000008002f3c                USBD_static_free
 *fill*         0x0000000008002f3e        0x2 
 .text.USBD_FS_DeviceDescriptor
                0x0000000008002f40        0xc Src/usbd_desc.o
                0x0000000008002f40                USBD_FS_DeviceDescriptor
 .text.USBD_FS_LangIDStrDescriptor
                0x0000000008002f4c        0xc Src/usbd_desc.o
                0x0000000008002f4c                USBD_FS_LangIDStrDescriptor
 .text.USBD_FS_ProductStrDescriptor
                0x0000000008002f58        0xc Src/usbd_desc.o
                0x0000000008002f58                USBD_FS_ProductStrDescriptor
 .text.USBD_FS_ManufacturerStrDescriptor
                0x0000000008002f64        0xc Src/usbd_desc.o
                0x0000000008002f64                USBD_FS_ManufacturerStrDescriptor
 .text.USBD_FS_ConfigStrDescriptor
                0x0000000008002f70        0xc Src/usbd_desc.o
                0x0000000008002f70                USBD_FS_ConfigStrDescriptor
 .text.USBD_FS_InterfaceStrDescriptor
                0x0000000008002f7c        0xc Src/usbd_desc.o
                0x0000000008002f7c                USBD_FS_InterfaceStrDescriptor
 .text.IntToUnicode
                0x0000000008002f88       0x2a Src/usbd_desc.o
 *fill*         0x0000000008002fb2        0x2 
 .text.USBD_FS_SerialStrDescriptor
                0x0000000008002fb4       0x44 Src/usbd_desc.o
                0x0000000008002fb4                USBD_FS_SerialStrDescriptor
 .text.Reset_Handler
                0x0000000008002ff8       0x80 Startup/startup_stm32f070f6px.o
                0x0000000008002ff8                Reset_Handler
 .text.Default_Handler
                0x0000000008003078        0x2 Startup/startup_stm32f070f6px.o
                0x0000000008003078                TIM1_CC_IRQHandler
                0x0000000008003078                I2C1_IRQHandler
                0x0000000008003078                SPI1_IRQHandler
                0x0000000008003078                EXTI2_3_IRQHandler
                0x0000000008003078                ADC1_IRQHandler
                0x0000000008003078                TIM17_IRQHandler
                0x0000000008003078                RTC_IRQHandler
                0x0000000008003078                TIM3_IRQHandler
                0x0000000008003078                EXTI4_15_IRQHandler
                0x0000000008003078                RCC_IRQHandler
                0x0000000008003078                DMA1_Channel1_IRQHandler
                0x0000000008003078                Default_Handler
                0x0000000008003078                DMA1_Channel4_5_IRQHandler
                0x0000000008003078                EXTI0_1_IRQHandler
                0x0000000008003078                WWDG_IRQHandler
                0x0000000008003078                DMA1_Channel2_3_IRQHandler
                0x0000000008003078                USART2_IRQHandler
                0x0000000008003078                FLASH_IRQHandler
                0x0000000008003078                USART1_IRQHandler
                0x0000000008003078                TIM1_BRK_UP_TRG_COM_IRQHandler
 *fill*         0x000000000800307a        0x2 
 .text.__libc_init_array
                0x000000000800307c       0x48 d:/st/stm32cubeide_1.0.0/stm32cubeide/plugins/com.st.stm32cube.ide.mcu.externaltools.gnu-tools-for-stm32.7-2018-q2-update.win32_1.0.0.201904181610/tools/bin/../lib/gcc/arm-none-eabi/7.3.1/../../../../arm-none-eabi/lib/thumb/v6-m\libc_nano.a(lib_a-init.o)
                0x000000000800307c                __libc_init_array
 *(.glue_7)
 .glue_7        0x00000000080030c4        0x0 linker stubs
 *(.glue_7t)
 .glue_7t       0x00000000080030c4        0x0 linker stubs
 *(.eh_frame)
 .eh_frame      0x00000000080030c4        0x0 d:/st/stm32cubeide_1.0.0/stm32cubeide/plugins/com.st.stm32cube.ide.mcu.externaltools.gnu-tools-for-stm32.7-2018-q2-update.win32_1.0.0.201904181610/tools/bin/../lib/gcc/arm-none-eabi/7.3.1/thumb/v6-m/crtbegin.o
 *(.init)
 .init          0x00000000080030c4        0x4 d:/st/stm32cubeide_1.0.0/stm32cubeide/plugins/com.st.stm32cube.ide.mcu.externaltools.gnu-tools-for-stm32.7-2018-q2-update.win32_1.0.0.201904181610/tools/bin/../lib/gcc/arm-none-eabi/7.3.1/thumb/v6-m/crti.o
                0x00000000080030c4                _init
 .init          0x00000000080030c8        0x8 d:/st/stm32cubeide_1.0.0/stm32cubeide/plugins/com.st.stm32cube.ide.mcu.externaltools.gnu-tools-for-stm32.7-2018-q2-update.win32_1.0.0.201904181610/tools/bin/../lib/gcc/arm-none-eabi/7.3.1/thumb/v6-m/crtn.o
 *(.fini)
 .fini          0x00000000080030d0        0x4 d:/st/stm32cubeide_1.0.0/stm32cubeide/plugins/com.st.stm32cube.ide.mcu.externaltools.gnu-tools-for-stm32.7-2018-q2-update.win32_1.0.0.201904181610/tools/bin/../lib/gcc/arm-none-eabi/7.3.1/thumb/v6-m/crti.o
                0x00000000080030d0                _fini
 .fini          0x00000000080030d4        0x8 d:/st/stm32cubeide_1.0.0/stm32cubeide/plugins/com.st.stm32cube.ide.mcu.externaltools.gnu-tools-for-stm32.7-2018-q2-update.win32_1.0.0.201904181610/tools/bin/../lib/gcc/arm-none-eabi/7.3.1/thumb/v6-m/crtn.o
                0x00000000080030dc                . = ALIGN (0x4)
                0x00000000080030dc                _etext = .

.vfp11_veneer   0x00000000080030dc        0x0
 .vfp11_veneer  0x00000000080030dc        0x0 linker stubs

.v4_bx          0x00000000080030dc        0x0
 .v4_bx         0x00000000080030dc        0x0 linker stubs

.iplt           0x00000000080030dc        0x0
 .iplt          0x00000000080030dc        0x0 d:/st/stm32cubeide_1.0.0/stm32cubeide/plugins/com.st.stm32cube.ide.mcu.externaltools.gnu-tools-for-stm32.7-2018-q2-update.win32_1.0.0.201904181610/tools/bin/../lib/gcc/arm-none-eabi/7.3.1/thumb/v6-m/crtbegin.o

.flash_data_array
                0x0000000008007c00      0x242
                0x0000000008007c00                . = ALIGN (0x4)
 .flash_data_array
                0x0000000008007c00      0x242 Src/main.o
                0x0000000008007c00                userdata

.rodata         0x00000000080030dc      0x124
                0x00000000080030dc                . = ALIGN (0x4)
 *(.rodata)
 *(.rodata*)
 .rodata.USBD_StdDevReq
                0x00000000080030dc       0x60 Middlewares/ST/STM32_USB_Device_Library/Core/Src/usbd_ctlreq.o
 .rodata.TIM16_IRQHandler.str1.4
                0x000000000800313c        0x2 Src/main.o
 *fill*         0x000000000800313e        0x2 
 .rodata.main.str1.4
                0x0000000008003140       0x14 Src/main.o
                                         0x12 (size before relaxing)
 .rodata.symbol_error
                0x0000000008003154       0x10 Src/main.o
 .rodata.symbol_times
                0x0000000008003164       0x10 Src/main.o
 .rodata.USBD_CONFIGURATION_STRING_DATA
                0x0000000008003174       0x17 Src/usbd_desc.o
 *fill*         0x000000000800318b        0x1 
 .rodata.USBD_INTERFACE_STRING_DATA
                0x000000000800318c       0x1d Src/usbd_desc.o
 *fill*         0x00000000080031a9        0x3 
 .rodata.USBD_MANUFACTURER_STRING_DATA
                0x00000000080031ac       0x29 Src/usbd_desc.o
 *fill*         0x00000000080031d5        0x3 
 .rodata.USBD_PRODUCT_STRING_DATA
                0x00000000080031d8       0x27 Src/usbd_desc.o
                0x0000000008003200                . = ALIGN (0x4)
 *fill*         0x00000000080031ff        0x1 

.rel.dyn        0x0000000008003200        0x0
 .rel.iplt      0x0000000008003200        0x0 d:/st/stm32cubeide_1.0.0/stm32cubeide/plugins/com.st.stm32cube.ide.mcu.externaltools.gnu-tools-for-stm32.7-2018-q2-update.win32_1.0.0.201904181610/tools/bin/../lib/gcc/arm-none-eabi/7.3.1/thumb/v6-m/crtbegin.o

.ARM.extab      0x0000000008003200        0x0
                0x0000000008003200                . = ALIGN (0x4)
 *(.ARM.extab* .gnu.linkonce.armextab.*)
                0x0000000008003200                . = ALIGN (0x4)

.ARM            0x0000000008003200        0x0
                0x0000000008003200                . = ALIGN (0x4)
                0x0000000008003200                __exidx_start = .
 *(.ARM.exidx*)
                0x0000000008003200                __exidx_end = .
                0x0000000008003200                . = ALIGN (0x4)

.preinit_array  0x0000000008003200        0x0
                0x0000000008003200                . = ALIGN (0x4)
                0x0000000008003200                PROVIDE (__preinit_array_start = .)
 *(.preinit_array*)
                0x0000000008003200                PROVIDE (__preinit_array_end = .)
                0x0000000008003200                . = ALIGN (0x4)

.init_array     0x0000000008003200        0x4
                0x0000000008003200                . = ALIGN (0x4)
                0x0000000008003200                PROVIDE (__init_array_start = .)
 *(SORT_BY_NAME(.init_array.*))
 *(.init_array*)
 .init_array    0x0000000008003200        0x4 d:/st/stm32cubeide_1.0.0/stm32cubeide/plugins/com.st.stm32cube.ide.mcu.externaltools.gnu-tools-for-stm32.7-2018-q2-update.win32_1.0.0.201904181610/tools/bin/../lib/gcc/arm-none-eabi/7.3.1/thumb/v6-m/crtbegin.o
                0x0000000008003204                PROVIDE (__init_array_end = .)
                0x0000000008003204                . = ALIGN (0x4)

.fini_array     0x0000000008003204        0x4
                0x0000000008003204                . = ALIGN (0x4)
                [!provide]                        PROVIDE (__fini_array_start = .)
 *(SORT_BY_NAME(.fini_array.*))
 *(.fini_array*)
 .fini_array    0x0000000008003204        0x4 d:/st/stm32cubeide_1.0.0/stm32cubeide/plugins/com.st.stm32cube.ide.mcu.externaltools.gnu-tools-for-stm32.7-2018-q2-update.win32_1.0.0.201904181610/tools/bin/../lib/gcc/arm-none-eabi/7.3.1/thumb/v6-m/crtbegin.o
                [!provide]                        PROVIDE (__fini_array_end = .)
                0x0000000008003208                . = ALIGN (0x4)
                0x0000000008003208                _sidata = LOADADDR (.data)

.data           0x0000000020000000      0x174 load address 0x0000000008003208
                0x0000000020000000                . = ALIGN (0x4)
                0x0000000020000000                _sdata = .
 *(.data)
 *(.data*)
 .data.USBD_CDC
                0x0000000020000000       0x38 Middlewares/ST/STM32_USB_Device_Library/Class/CDC/Src/usbd_cdc.o
                0x0000000020000000                USBD_CDC
 .data.USBD_CDC_CfgFSDesc
                0x0000000020000038       0x43 Middlewares/ST/STM32_USB_Device_Library/Class/CDC/Src/usbd_cdc.o
                0x0000000020000038                USBD_CDC_CfgFSDesc
 *fill*         0x000000002000007b        0x1 
 .data.USBD_CDC_CfgHSDesc
                0x000000002000007c       0x43 Middlewares/ST/STM32_USB_Device_Library/Class/CDC/Src/usbd_cdc.o
                0x000000002000007c                USBD_CDC_CfgHSDesc
 *fill*         0x00000000200000bf        0x1 
 .data.USBD_CDC_DeviceQualifierDesc
                0x00000000200000c0        0xa Middlewares/ST/STM32_USB_Device_Library/Class/CDC/Src/usbd_cdc.o
 *fill*         0x00000000200000ca        0x2 
 .data.USBD_CDC_OtherSpeedCfgDesc
                0x00000000200000cc       0x43 Middlewares/ST/STM32_USB_Device_Library/Class/CDC/Src/usbd_cdc.o
                0x00000000200000cc                USBD_CDC_OtherSpeedCfgDesc
 *fill*         0x000000002000010f        0x1 
 .data.SystemCoreClock
                0x0000000020000110        0x4 Src/system_stm32f0xx.o
                0x0000000020000110                SystemCoreClock
 .data.USBD_Interface_fops_FS
                0x0000000020000114       0x10 Src/usbd_cdc_if.o
                0x0000000020000114                USBD_Interface_fops_FS
 .data.FS_Desc  0x0000000020000124       0x1c Src/usbd_desc.o
                0x0000000020000124                FS_Desc
 .data.USBD_FS_DeviceDesc
                0x0000000020000140       0x12 Src/usbd_desc.o
                0x0000000020000140                USBD_FS_DeviceDesc
 *fill*         0x0000000020000152        0x2 
 .data.USBD_LangIDDesc
                0x0000000020000154        0x4 Src/usbd_desc.o
                0x0000000020000154                USBD_LangIDDesc
 .data.USBD_StringSerial
                0x0000000020000158       0x1a Src/usbd_desc.o
                0x0000000020000158                USBD_StringSerial
                0x0000000020000174                . = ALIGN (0x4)
 *fill*         0x0000000020000172        0x2 
                0x0000000020000174                _edata = .

.igot.plt       0x0000000020000174        0x0 load address 0x000000000800337c
 .igot.plt      0x0000000020000174        0x0 d:/st/stm32cubeide_1.0.0/stm32cubeide/plugins/com.st.stm32cube.ide.mcu.externaltools.gnu-tools-for-stm32.7-2018-q2-update.win32_1.0.0.201904181610/tools/bin/../lib/gcc/arm-none-eabi/7.3.1/thumb/v6-m/crtbegin.o
                0x0000000020000174                . = ALIGN (0x4)

.bss            0x0000000020000174      0xdc8 load address 0x000000000800337c
                0x0000000020000174                _sbss = .
                0x0000000020000174                __bss_start__ = _sbss
 *(.bss)
 .bss           0x0000000020000174       0x1c d:/st/stm32cubeide_1.0.0/stm32cubeide/plugins/com.st.stm32cube.ide.mcu.externaltools.gnu-tools-for-stm32.7-2018-q2-update.win32_1.0.0.201904181610/tools/bin/../lib/gcc/arm-none-eabi/7.3.1/thumb/v6-m/crtbegin.o
 *(.bss*)
 .bss.ifalt.8392
                0x0000000020000190        0x1 Middlewares/ST/STM32_USB_Device_Library/Class/CDC/Src/usbd_cdc.o
 .bss.cfgidx.8395
                0x0000000020000191        0x1 Middlewares/ST/STM32_USB_Device_Library/Core/Src/usbd_ctlreq.o
 *fill*         0x0000000020000192        0x2 
 .bss.RX_FIFO   0x0000000020000194      0x108 Src/main.o
                0x0000000020000194                RX_FIFO
 .bss.SendOperationReady
                0x000000002000029c        0x1 Src/main.o
                0x000000002000029c                SendOperationReady
 *fill*         0x000000002000029d        0x3 
 .bss.comm_reset_flag
                0x00000000200002a0        0x4 Src/main.o
                0x00000000200002a0                comm_reset_flag
 .bss.ram_frame_repeat_delay
                0x00000000200002a4        0x4 Src/main.o
                0x00000000200002a4                ram_frame_repeat_delay
 .bss.remote_mode
                0x00000000200002a8        0x4 Src/main.o
                0x00000000200002a8                remote_mode
 .bss.mem.8484  0x00000000200002ac      0x220 Src/usbd_conf.o
 *(COMMON)
 COMMON         0x00000000200004cc        0x4 Drivers/STM32F0xx_HAL_Driver/Src/stm32f0xx_hal.o
                0x00000000200004cc                uwTick
 COMMON         0x00000000200004d0      0x428 Src/main.o
                0x00000000200004d0                Symbol
                0x00000000200004d4                Repeats
                0x00000000200004d8                TickCounter
                0x00000000200004dc                ByteSentCounter
                0x00000000200004e0                CurrentByte
                0x00000000200004e4                SymbolCounter
                0x00000000200004e8                ErrorAcc
                0x00000000200004ec                FrameData
                0x00000000200004f0                flash_data_buffer
                0x00000000200008f0                ByteCount
                0x00000000200008f4                Burst
 COMMON         0x00000000200008f8      0x224 Src/usb_device.o
                0x00000000200008f8                hUsbDeviceFS
 COMMON         0x0000000020000b1c      0x200 Src/usbd_cdc_if.o
                0x0000000020000b1c                UserRxBufferFS
                0x0000000020000c1c                UserTxBufferFS
 COMMON         0x0000000020000d1c      0x220 Src/usbd_conf.o
                0x0000000020000d1c                hpcd_USB_FS
                0x0000000020000f3c                . = ALIGN (0x4)
                0x0000000020000f3c                _ebss = .
                0x0000000020000f3c                __bss_end__ = _ebss

._user_heap_stack
                0x0000000020000f3c      0x584 load address 0x000000000800337c
                0x0000000020000f40                . = ALIGN (0x8)
 *fill*         0x0000000020000f3c        0x4 
                [!provide]                        PROVIDE (end = .)
                [!provide]                        PROVIDE (_end = .)
                0x00000000200010c0                . = (. + _Min_Heap_Size)
 *fill*         0x0000000020000f40      0x180 
                0x00000000200014c0                . = (. + _Min_Stack_Size)
 *fill*         0x00000000200010c0      0x400 
                0x00000000200014c0                . = ALIGN (0x8)

/DISCARD/
 libc.a(*)
 libm.a(*)
 libgcc.a(*)

.ARM.attributes
                0x0000000000000000       0x28
 *(.ARM.attributes)
 .ARM.attributes
                0x0000000000000000       0x1e d:/st/stm32cubeide_1.0.0/stm32cubeide/plugins/com.st.stm32cube.ide.mcu.externaltools.gnu-tools-for-stm32.7-2018-q2-update.win32_1.0.0.201904181610/tools/bin/../lib/gcc/arm-none-eabi/7.3.1/thumb/v6-m/crti.o
 .ARM.attributes
                0x000000000000001e       0x2c d:/st/stm32cubeide_1.0.0/stm32cubeide/plugins/com.st.stm32cube.ide.mcu.externaltools.gnu-tools-for-stm32.7-2018-q2-update.win32_1.0.0.201904181610/tools/bin/../lib/gcc/arm-none-eabi/7.3.1/thumb/v6-m/crtbegin.o
 .ARM.attributes
                0x000000000000004a       0x31 Drivers/STM32F0xx_HAL_Driver/Src/stm32f0xx_hal.o
 .ARM.attributes
                0x000000000000007b       0x31 Drivers/STM32F0xx_HAL_Driver/Src/stm32f0xx_hal_cortex.o
 .ARM.attributes
                0x00000000000000ac       0x31 Drivers/STM32F0xx_HAL_Driver/Src/stm32f0xx_hal_gpio.o
 .ARM.attributes
                0x00000000000000dd       0x31 Drivers/STM32F0xx_HAL_Driver/Src/stm32f0xx_hal_pcd.o
 .ARM.attributes
                0x000000000000010e       0x31 Drivers/STM32F0xx_HAL_Driver/Src/stm32f0xx_hal_pcd_ex.o
 .ARM.attributes
                0x000000000000013f       0x31 Drivers/STM32F0xx_HAL_Driver/Src/stm32f0xx_hal_rcc.o
 .ARM.attributes
                0x0000000000000170       0x31 Drivers/STM32F0xx_HAL_Driver/Src/stm32f0xx_ll_utils.o
 .ARM.attributes
                0x00000000000001a1       0x31 Middlewares/ST/STM32_USB_Device_Library/Class/CDC/Src/usbd_cdc.o
 .ARM.attributes
                0x00000000000001d2       0x31 Middlewares/ST/STM32_USB_Device_Library/Core/Src/usbd_core.o
 .ARM.attributes
                0x0000000000000203       0x31 Middlewares/ST/STM32_USB_Device_Library/Core/Src/usbd_ctlreq.o
 .ARM.attributes
                0x0000000000000234       0x31 Middlewares/ST/STM32_USB_Device_Library/Core/Src/usbd_ioreq.o
 .ARM.attributes
                0x0000000000000265       0x31 Src/gpio.o
 .ARM.attributes
                0x0000000000000296       0x31 Src/main.o
 .ARM.attributes
                0x00000000000002c7       0x31 Src/stm32f0xx_hal_msp.o
 .ARM.attributes
                0x00000000000002f8       0x31 Src/stm32f0xx_it.o
 .ARM.attributes
                0x0000000000000329       0x31 Src/system_stm32f0xx.o
 .ARM.attributes
                0x000000000000035a       0x31 Src/usb_device.o
 .ARM.attributes
                0x000000000000038b       0x31 Src/usbd_cdc_if.o
 .ARM.attributes
                0x00000000000003bc       0x31 Src/usbd_conf.o
 .ARM.attributes
                0x00000000000003ed       0x31 Src/usbd_desc.o
 .ARM.attributes
                0x000000000000041e       0x21 Startup/startup_stm32f070f6px.o
 .ARM.attributes
                0x000000000000043f       0x2c d:/st/stm32cubeide_1.0.0/stm32cubeide/plugins/com.st.stm32cube.ide.mcu.externaltools.gnu-tools-for-stm32.7-2018-q2-update.win32_1.0.0.201904181610/tools/bin/../lib/gcc/arm-none-eabi/7.3.1/../../../../arm-none-eabi/lib/thumb/v6-m\libc_nano.a(lib_a-init.o)
 .ARM.attributes
                0x000000000000046b       0x1e d:/st/stm32cubeide_1.0.0/stm32cubeide/plugins/com.st.stm32cube.ide.mcu.externaltools.gnu-tools-for-stm32.7-2018-q2-update.win32_1.0.0.201904181610/tools/bin/../lib/gcc/arm-none-eabi/7.3.1/thumb/v6-m\libgcc.a(_udivsi3.o)
 .ARM.attributes
                0x0000000000000489       0x1e d:/st/stm32cubeide_1.0.0/stm32cubeide/plugins/com.st.stm32cube.ide.mcu.externaltools.gnu-tools-for-stm32.7-2018-q2-update.win32_1.0.0.201904181610/tools/bin/../lib/gcc/arm-none-eabi/7.3.1/thumb/v6-m\libgcc.a(_dvmd_tls.o)
 .ARM.attributes
                0x00000000000004a7       0x1e d:/st/stm32cubeide_1.0.0/stm32cubeide/plugins/com.st.stm32cube.ide.mcu.externaltools.gnu-tools-for-stm32.7-2018-q2-update.win32_1.0.0.201904181610/tools/bin/../lib/gcc/arm-none-eabi/7.3.1/thumb/v6-m/crtn.o
OUTPUT(ESLBlaster.elf elf32-littlearm)

.comment        0x0000000000000000       0x7b
 .comment       0x0000000000000000       0x7b Drivers/STM32F0xx_HAL_Driver/Src/stm32f0xx_hal.o
                                         0x7c (size before relaxing)
 .comment       0x000000000000007b       0x7c Drivers/STM32F0xx_HAL_Driver/Src/stm32f0xx_hal_cortex.o
 .comment       0x000000000000007b       0x7c Drivers/STM32F0xx_HAL_Driver/Src/stm32f0xx_hal_gpio.o
 .comment       0x000000000000007b       0x7c Drivers/STM32F0xx_HAL_Driver/Src/stm32f0xx_hal_pcd.o
 .comment       0x000000000000007b       0x7c Drivers/STM32F0xx_HAL_Driver/Src/stm32f0xx_hal_pcd_ex.o
 .comment       0x000000000000007b       0x7c Drivers/STM32F0xx_HAL_Driver/Src/stm32f0xx_hal_rcc.o
 .comment       0x000000000000007b       0x7c Drivers/STM32F0xx_HAL_Driver/Src/stm32f0xx_ll_utils.o
 .comment       0x000000000000007b       0x7c Middlewares/ST/STM32_USB_Device_Library/Class/CDC/Src/usbd_cdc.o
 .comment       0x000000000000007b       0x7c Middlewares/ST/STM32_USB_Device_Library/Core/Src/usbd_core.o
 .comment       0x000000000000007b       0x7c Middlewares/ST/STM32_USB_Device_Library/Core/Src/usbd_ctlreq.o
 .comment       0x000000000000007b       0x7c Middlewares/ST/STM32_USB_Device_Library/Core/Src/usbd_ioreq.o
 .comment       0x000000000000007b       0x7c Src/gpio.o
 .comment       0x000000000000007b       0x7c Src/main.o
 .comment       0x000000000000007b       0x7c Src/stm32f0xx_hal_msp.o
 .comment       0x000000000000007b       0x7c Src/stm32f0xx_it.o
 .comment       0x000000000000007b       0x7c Src/system_stm32f0xx.o
 .comment       0x000000000000007b       0x7c Src/usb_device.o
 .comment       0x000000000000007b       0x7c Src/usbd_cdc_if.o
 .comment       0x000000000000007b       0x7c Src/usbd_conf.o
 .comment       0x000000000000007b       0x7c Src/usbd_desc.o

.debug_frame    0x0000000000000000       0x4c
 .debug_frame   0x0000000000000000       0x2c d:/st/stm32cubeide_1.0.0/stm32cubeide/plugins/com.st.stm32cube.ide.mcu.externaltools.gnu-tools-for-stm32.7-2018-q2-update.win32_1.0.0.201904181610/tools/bin/../lib/gcc/arm-none-eabi/7.3.1/../../../../arm-none-eabi/lib/thumb/v6-m\libc_nano.a(lib_a-init.o)
 .debug_frame   0x000000000000002c       0x20 d:/st/stm32cubeide_1.0.0/stm32cubeide/plugins/com.st.stm32cube.ide.mcu.externaltools.gnu-tools-for-stm32.7-2018-q2-update.win32_1.0.0.201904181610/tools/bin/../lib/gcc/arm-none-eabi/7.3.1/thumb/v6-m\libgcc.a(_udivsi3.o)
